Component: ARM Compiler 5.06 update 7 (build 960) Tool: armlink [4d3601]

==============================================================================

Section Cross References

    startup_stm32f446xx.o(STACK) refers (Special) to heapauxi.o(.text) for __use_two_region_memory
    startup_stm32f446xx.o(HEAP) refers (Special) to heapauxi.o(.text) for __use_two_region_memory
    startup_stm32f446xx.o(RESET) refers (Special) to heapauxi.o(.text) for __use_two_region_memory
    startup_stm32f446xx.o(RESET) refers to startup_stm32f446xx.o(STACK) for __initial_sp
    startup_stm32f446xx.o(RESET) refers to startup_stm32f446xx.o(.text) for Reset_Handler
    startup_stm32f446xx.o(RESET) refers to stm32f4xx_it.o(i.NMI_Handler) for NMI_Handler
    startup_stm32f446xx.o(RESET) refers to stm32f4xx_it.o(i.HardFault_Handler) for HardFault_Handler
    startup_stm32f446xx.o(RESET) refers to stm32f4xx_it.o(i.MemManage_Handler) for MemManage_Handler
    startup_stm32f446xx.o(RESET) refers to stm32f4xx_it.o(i.BusFault_Handler) for BusFault_Handler
    startup_stm32f446xx.o(RESET) refers to stm32f4xx_it.o(i.UsageFault_Handler) for UsageFault_Handler
    startup_stm32f446xx.o(RESET) refers to stm32f4xx_it.o(i.SVC_Handler) for SVC_Handler
    startup_stm32f446xx.o(RESET) refers to stm32f4xx_it.o(i.DebugMon_Handler) for DebugMon_Handler
    startup_stm32f446xx.o(RESET) refers to stm32f4xx_it.o(i.PendSV_Handler) for PendSV_Handler
    startup_stm32f446xx.o(RESET) refers to stm32f4xx_it.o(i.SysTick_Handler) for SysTick_Handler
    startup_stm32f446xx.o(.text) refers (Special) to heapauxi.o(.text) for __use_two_region_memory
    startup_stm32f446xx.o(.text) refers to system_stm32f4xx.o(i.SystemInit) for SystemInit
    startup_stm32f446xx.o(.text) refers to __main.o(!!!main) for __main
    startup_stm32f446xx.o(.text) refers to startup_stm32f446xx.o(HEAP) for Heap_Mem
    startup_stm32f446xx.o(.text) refers to startup_stm32f446xx.o(STACK) for Stack_Mem
    main.o(i.SystemClock_Config) refers to rt_memclr_w.o(.text) for __aeabi_memclr4
    main.o(i.SystemClock_Config) refers to stm32f4xx_hal_rcc_ex.o(i.HAL_RCC_OscConfig) for HAL_RCC_OscConfig
    main.o(i.SystemClock_Config) refers to stm32f4xx_hal_rcc.o(i.HAL_RCC_ClockConfig) for HAL_RCC_ClockConfig
    main.o(i.main) refers to stm32f4xx_hal.o(i.HAL_Init) for HAL_Init
    main.o(i.main) refers to main.o(i.SystemClock_Config) for SystemClock_Config
    main.o(i.main) refers to gpio.o(i.MX_GPIO_Init) for MX_GPIO_Init
    main.o(i.main) refers to adc.o(i.MX_ADC1_Init) for MX_ADC1_Init
    main.o(i.main) refers to dac.o(i.MX_DAC_Init) for MX_DAC_Init
    main.o(i.main) refers to dflt_clz.o(x$fpl$dfltu) for __aeabi_ui2d
    main.o(i.main) refers to ddiv.o(x$fpl$ddiv) for __aeabi_ddiv
    main.o(i.main) refers to dfixu.o(x$fpl$dfixu) for __aeabi_d2uiz
    main.o(i.main) refers to main.o(i.SysTick_Config) for SysTick_Config
    main.o(i.main) refers to namo.o(i.NAMO_initialize) for NAMO_initialize
    main.o(i.main) refers to namo.o(i.NAMO_step) for NAMO_step
    main.o(i.main) refers to system_stm32f4xx.o(.data) for SystemCoreClock
    main.o(i.main) refers to main.o(.data) for .data
    main.o(i.main) refers to namo.o(.constdata) for NAMO_M
    gpio.o(i.MX_GPIO_Init) refers to rt_memclr_w.o(.text) for __aeabi_memclr4
    gpio.o(i.MX_GPIO_Init) refers to stm32f4xx_hal_gpio.o(i.HAL_GPIO_Init) for HAL_GPIO_Init
    adc.o(i.HAL_ADC_MspDeInit) refers to stm32f4xx_hal_gpio.o(i.HAL_GPIO_DeInit) for HAL_GPIO_DeInit
    adc.o(i.HAL_ADC_MspInit) refers to rt_memclr_w.o(.text) for __aeabi_memclr4
    adc.o(i.HAL_ADC_MspInit) refers to stm32f4xx_hal_gpio.o(i.HAL_GPIO_Init) for HAL_GPIO_Init
    adc.o(i.MX_ADC1_Init) refers to stm32f4xx_hal_adc.o(i.HAL_ADC_Init) for HAL_ADC_Init
    adc.o(i.MX_ADC1_Init) refers to main.o(i.Error_Handler) for Error_Handler
    adc.o(i.MX_ADC1_Init) refers to stm32f4xx_hal_adc.o(i.HAL_ADC_ConfigChannel) for HAL_ADC_ConfigChannel
    adc.o(i.MX_ADC1_Init) refers to adc.o(.bss) for .bss
    dac.o(i.HAL_DAC_MspDeInit) refers to stm32f4xx_hal_gpio.o(i.HAL_GPIO_DeInit) for HAL_GPIO_DeInit
    dac.o(i.HAL_DAC_MspInit) refers to rt_memclr_w.o(.text) for __aeabi_memclr4
    dac.o(i.HAL_DAC_MspInit) refers to stm32f4xx_hal_gpio.o(i.HAL_GPIO_Init) for HAL_GPIO_Init
    dac.o(i.MX_DAC_Init) refers to stm32f4xx_hal_dac.o(i.HAL_DAC_Init) for HAL_DAC_Init
    dac.o(i.MX_DAC_Init) refers to main.o(i.Error_Handler) for Error_Handler
    dac.o(i.MX_DAC_Init) refers to stm32f4xx_hal_dac.o(i.HAL_DAC_ConfigChannel) for HAL_DAC_ConfigChannel
    dac.o(i.MX_DAC_Init) refers to dac.o(.bss) for .bss
    stm32f4xx_it.o(i.SysTick_Handler) refers to stm32f4xx_hal.o(i.HAL_IncTick) for HAL_IncTick
    stm32f4xx_it.o(i.SysTick_Handler) refers to main.o(.data) for remainAutoReloadTimerLoopVal_S
    stm32f4xx_hal_adc.o(i.ADC_DMAConvCplt) refers to stm32f4xx_hal_adc.o(i.HAL_ADC_ErrorCallback) for HAL_ADC_ErrorCallback
[...]
    Removing stm32f4xx_hal_dac_ex.o(i.HAL_DACEx_ErrorCallbackCh2), (2 bytes).
    Removing stm32f4xx_hal_dac_ex.o(i.HAL_DACEx_NoiseWaveGenerate), (56 bytes).
    Removing stm32f4xx_hal_dac_ex.o(i.HAL_DACEx_TriangleWaveGenerate), (56 bytes).
    Removing stm32f4xx_hal_tim.o(.rev16_text), (4 bytes).
    Removing stm32f4xx_hal_tim.o(.revsh_text), (4 bytes).
    Removing stm32f4xx_hal_tim.o(.rrx_text), (6 bytes).
    Removing stm32f4xx_hal_tim_ex.o(.rev16_text), (4 bytes).
    Removing stm32f4xx_hal_tim_ex.o(.revsh_text), (4 bytes).
    Removing stm32f4xx_hal_tim_ex.o(.rrx_text), (6 bytes).
    Removing system_stm32f4xx.o(.rev16_text), (4 bytes).
    Removing system_stm32f4xx.o(.revsh_text), (4 bytes).
    Removing system_stm32f4xx.o(.rrx_text), (6 bytes).
    Removing system_stm32f4xx.o(i.SystemCoreClockUpdate), (124 bytes).
    Removing system_stm32f4xx.o(.constdata), (8 bytes).
    Removing namo.o(.rev16_text), (4 bytes).
    Removing namo.o(.revsh_text), (4 bytes).
    Removing namo.o(.rrx_text), (6 bytes).
    Removing namo_adc.o(.rev16_text), (4 bytes).
    Removing namo_adc.o(.revsh_text), (4 bytes).
    Removing namo_adc.o(.rrx_text), (6 bytes).
    Removing namo_dac.o(.rev16_text), (4 bytes).
    Removing namo_dac.o(.revsh_text), (4 bytes).
    Removing namo_dac.o(.rrx_text), (6 bytes).
    Removing namo_data.o(.rev16_text), (4 bytes).
    Removing namo_data.o(.revsh_text), (4 bytes).
    Removing namo_data.o(.rrx_text), (6 bytes).
    Removing rt_nonfinite.o(i.rtIsInfF), (44 bytes).
    Removing rt_nonfinite.o(i.rtIsNaNF), (24 bytes).

317 unused section(s) (total 18542 bytes) removed from the image.

==============================================================================

Image Symbol Table

    Local Symbols

    Symbol Name                              Value     Ov Type        Size  Object(Section)

    ../Drivers/STM32F4xx_HAL_Driver/Src/stm32f4xx_hal.c 0x00000000   Number         0  stm32f4xx_hal.o ABSOLUTE
    ../Drivers/STM32F4xx_HAL_Driver/Src/stm32f4xx_hal_adc.c 0x00000000   Number         0  stm32f4xx_hal_adc.o ABSOLUTE
    ../Drivers/STM32F4xx_HAL_Driver/Src/stm32f4xx_hal_adc_ex.c 0x00000000   Number         0  stm32f4xx_hal_adc_ex.o ABSOLUTE
    ../Drivers/STM32F4xx_HAL_Driver/Src/stm32f4xx_hal_cortex.c 0x00000000   Number         0  stm32f4xx_hal_cortex.o ABSOLUTE
    ../Drivers/STM32F4xx_HAL_Driver/Src/stm32f4xx_hal_dac.c 0x00000000   Number         0  stm32f4xx_hal_dac.o ABSOLUTE
    ../Drivers/STM32F4xx_HAL_Driver/Src/stm32f4xx_hal_dac_ex.c 0x00000000   Number         0  stm32f4xx_hal_dac_ex.o ABSOLUTE
    ../Drivers/STM32F4xx_HAL_Driver/Src/stm32f4xx_hal_dma.c 0x00000000   Number         0  stm32f4xx_hal_dma.o ABSOLUTE
    ../Drivers/STM32F4xx_HAL_Driver/Src/stm32f4xx_hal_dma_ex.c 0x00000000   Number         0  stm32f4xx_hal_dma_ex.o ABSOLUTE
    ../Drivers/STM32F4xx_HAL_Driver/Src/stm32f4xx_hal_exti.c 0x00000000   Number         0  stm32f4xx_hal_exti.o ABSOLUTE
    ../Drivers/STM32F4xx_HAL_Driver/Src/stm32f4xx_hal_flash.c 0x00000000   Number         0  stm32f4xx_hal_flash.o ABSOLUTE
    ../Drivers/STM32F4xx_HAL_Driver/Src/stm32f4xx_hal_flash_ex.c 0x00000000   Number         0  stm32f4xx_hal_flash_ex.o ABSOLUTE
    ../Drivers/STM32F4xx_HAL_Driver/Src/stm32f4xx_hal_flash_ramfunc.c 0x00000000   Number         0  stm32f4xx_hal_flash_ramfunc.o ABSOLUTE
    ../Drivers/STM32F4xx_HAL_Driver/Src/stm32f4xx_hal_gpio.c 0x00000000   Number         0  stm32f4xx_hal_gpio.o ABSOLUTE
    ../Drivers/STM32F4xx_HAL_Driver/Src/stm32f4xx_hal_pwr.c 0x00000000   Number         0  stm32f4xx_hal_pwr.o ABSOLUTE
    ../Drivers/STM32F4xx_HAL_Driver/Src/stm32f4xx_hal_pwr_ex.c 0x00000000   Number         0  stm32f4xx_hal_pwr_ex.o ABSOLUTE
    ../Drivers/STM32F4xx_HAL_Driver/Src/stm32f4xx_hal_rcc.c 0x00000000   Number         0  stm32f4xx_hal_rcc.o ABSOLUTE
    ../Drivers/STM32F4xx_HAL_Driver/Src/stm32f4xx_hal_rcc_ex.c 0x00000000   Number         0  stm32f4xx_hal_rcc_ex.o ABSOLUTE
    ../Drivers/STM32F4xx_HAL_Driver/Src/stm32f4xx_hal_tim.c 0x00000000   Number         0  stm32f4xx_hal_tim.o ABSOLUTE
    ../Drivers/STM32F4xx_HAL_Driver/Src/stm32f4xx_hal_tim_ex.c 0x00000000   Number         0  stm32f4xx_hal_tim_ex.o ABSOLUTE
    ../Drivers/STM32F4xx_HAL_Driver/Src/stm32f4xx_ll_adc.c 0x00000000   Number         0  stm32f4xx_ll_adc.o ABSOLUTE
    ../Src/adc.c                             0x00000000   Number         0  adc.o ABSOLUTE
    ../Src/dac.c                             0x00000000   Number         0  dac.o ABSOLUTE
    ../Src/gpio.c                            0x00000000   Number         0  gpio.o ABSOLUTE
    ../Src/main.c                            0x00000000   Number         0  main.o ABSOLUTE
    ../Src/stm32f4xx_hal_msp.c               0x00000000   Number         0  stm32f4xx_hal_msp.o ABSOLUTE
    ../Src/stm32f4xx_it.c                    0x00000000   Number         0  stm32f4xx_it.o ABSOLUTE
    ../Src/system_stm32f4xx.c                0x00000000   Number         0  system_stm32f4xx.o ABSOLUTE
    ../clib/angel/boardlib.s                 0x00000000   Number         0  boardinit2.o ABSOLUTE
    ../clib/angel/boardlib.s                 0x00000000   Number         0  boardinit1.o ABSOLUTE
    ../clib/angel/boardlib.s                 0x00000000   Number         0  boardshut.o ABSOLUTE
    ../clib/angel/boardlib.s                 0x00000000   Number         0  boardinit3.o ABSOLUTE
    ../clib/angel/handlers.s                 0x00000000   Number         0  __scatter_copy.o ABSOLUTE
    ../clib/angel/handlers.s                 0x00000000   Number         0  __scatter_zi.o ABSOLUTE
    ../clib/angel/kernel.s                   0x00000000   Number         0  __rtentry.o ABSOLUTE
    ../clib/angel/kernel.s                   0x00000000   Number         0  rtexit.o ABSOLUTE
    ../clib/angel/kernel.s                   0x00000000   Number         0  rtexit2.o ABSOLUTE
    ../clib/angel/kernel.s                   0x00000000   Number         0  __rtentry2.o ABSOLUTE
    ../clib/angel/kernel.s                   0x00000000   Number         0  __rtentry4.o ABSOLUTE
    ../clib/angel/rt.s                       0x00000000   Number         0  aeabi_ldiv0_sigfpe.o ABSOLUTE
    ../clib/angel/rt.s                       0x00000000   Number         0  aeabi_ldiv0.o ABSOLUTE
    ../clib/angel/rt.s                       0x00000000   Number         0  rt_errno_addr.o ABSOLUTE
    ../clib/angel/rt.s                       0x00000000   Number         0  rt_raise.o ABSOLUTE
    ../clib/angel/rt.s                       0x00000000   Number         0  rt_errno_addr_intlibspace.o ABSOLUTE
    ../clib/angel/rt.s                       0x00000000   Number         0  rt_div0.o ABSOLUTE
    ../clib/angel/scatter.s                  0x00000000   Number         0  __scatter.o ABSOLUTE
    ../clib/angel/startup.s                  0x00000000   Number         0  __main.o ABSOLUTE
    ../clib/angel/sys.s                      0x00000000   Number         0  sys_stackheap_outer.o ABSOLUTE
    ../clib/angel/sys.s                      0x00000000   Number         0  indicate_semi.o ABSOLUTE
    ../clib/angel/sys.s                      0x00000000   Number         0  libspace.o ABSOLUTE
    ../clib/angel/sys.s                      0x00000000   Number         0  use_no_semi.o ABSOLUTE
    ../clib/angel/sysapp.c                   0x00000000   Number         0  sys_command.o ABSOLUTE
    ../clib/angel/sysapp.c                   0x00000000   Number         0  sys_wrch.o ABSOLUTE
    ../clib/angel/sysapp.c                   0x00000000   Number         0  sys_exit.o ABSOLUTE
    ../clib/armsys.c                         0x00000000   Number         0  argv_veneer.o ABSOLUTE
    ../clib/armsys.c                         0x00000000   Number         0  no_argv.o ABSOLUTE
    ../clib/armsys.c                         0x00000000   Number         0  argv_veneer.o ABSOLUTE
    ../clib/armsys.c                         0x00000000   Number         0  _get_argv_nomalloc.o ABSOLUTE
    ../clib/fenv.c                           0x00000000   Number         0  _rserrno.o ABSOLUTE
    ../clib/heapalloc.c                      0x00000000   Number         0  hrguard.o ABSOLUTE
    ../clib/heapaux.c                        0x00000000   Number         0  heapauxi.o ABSOLUTE
    ../clib/libinit.s                        0x00000000   Number         0  libinit.o ABSOLUTE
    ../clib/libinit.s                        0x00000000   Number         0  libinit2.o ABSOLUTE
    ../clib/libinit.s                        0x00000000   Number         0  libshutdown.o ABSOLUTE
    ../clib/libinit.s                        0x00000000   Number         0  libshutdown2.o ABSOLUTE
    ../clib/longlong.s                       0x00000000   Number         0  lludivv7m.o ABSOLUTE
    ../clib/memcpset.s                       0x00000000   Number         0  rt_memclr_w.o ABSOLUTE
    ../clib/signal.c                         0x00000000   Number         0  __raise.o ABSOLUTE
    ../clib/signal.c                         0x00000000   Number         0  defsig_rtmem_outer.o ABSOLUTE
    ../clib/signal.c                         0x00000000   Number         0  defsig_other.o ABSOLUTE
    ../clib/signal.c                         0x00000000   Number         0  defsig_segv_inner.o ABSOLUTE
    ../clib/signal.c                         0x00000000   Number         0  defsig_rtmem_formal.o ABSOLUTE
    ../clib/signal.c                         0x00000000   Number         0  defsig_general.o ABSOLUTE
    ../clib/signal.c                         0x00000000   Number         0  defsig_cppl_inner.o ABSOLUTE
    ../clib/signal.c                         0x00000000   Number         0  defsig_pvfn_inner.o ABSOLUTE
    ../clib/signal.c                         0x00000000   Number         0  defsig_stak_inner.o ABSOLUTE
    ../clib/signal.c                         0x00000000   Number         0  defsig_fpe_inner.o ABSOLUTE
    ../clib/signal.c                         0x00000000   Number         0  defsig_fpe_formal.o ABSOLUTE
    ../clib/signal.c                         0x00000000   Number         0  defsig_fpe_outer.o ABSOLUTE
    ../clib/signal.c                         0x00000000   Number         0  defsig_exit.o ABSOLUTE
    ../clib/signal.c                         0x00000000   Number         0  defsig_abrt_inner.o ABSOLUTE
    ../clib/signal.c                         0x00000000   Number         0  defsig_rtred_inner.o ABSOLUTE
    ../clib/signal.c                         0x00000000   Number         0  defsig_rtmem_inner.o ABSOLUTE
    ../clib/signal.s                         0x00000000   Number         0  defsig.o ABSOLUTE
    ../clib/stdlib.c                         0x00000000   Number         0  exit.o ABSOLUTE
    ../fplib/basic.s                         0x00000000   Number         0  basic.o ABSOLUTE
    ../fplib/daddsub.s                       0x00000000   Number         0  daddsub_clz.o ABSOLUTE
    ../fplib/dcmpi.s                         0x00000000   Number         0  dcmpi.o ABSOLUTE
    ../fplib/ddiv.s                          0x00000000   Number         0  ddiv.o ABSOLUTE
    ../fplib/deqf.s                          0x00000000   Number         0  deqf.o ABSOLUTE
    ../fplib/dfixu.s                         0x00000000   Number         0  dfixu.o ABSOLUTE
    ../fplib/dflt.s                          0x00000000   Number         0  dflt_clz.o ABSOLUTE
    ../fplib/dleqf.s                         0x00000000   Number         0  dleqf.o ABSOLUTE
    ../fplib/dmul.s                          0x00000000   Number         0  dmul.o ABSOLUTE
    ../fplib/dnaninf.s                       0x00000000   Number         0  dnaninf.o ABSOLUTE
    ../fplib/drem.s                          0x00000000   Number         0  drem_clz.o ABSOLUTE
    ../fplib/dretinf.s                       0x00000000   Number         0  dretinf.o ABSOLUTE
    ../fplib/drleqf.s                        0x00000000   Number         0  drleqf.o ABSOLUTE
    ../fplib/fpinit.s                        0x00000000   Number         0  fpinit.o ABSOLUTE
    ../fplib/usenofp.s                       0x00000000   Number         0  usenofp.o ABSOLUTE
    ../mathlib/dunder.c                      0x00000000   Number         0  dunder.o ABSOLUTE
    ../mathlib/floor.c                       0x00000000   Number         0  floor.o ABSOLUTE
    ../mathlib/fmod.c                        0x00000000   Number         0  fmod.o ABSOLUTE
    ../mathlib/fmod.c                        0x00000000   Number         0  fmod_x.o ABSOLUTE
    ..\Drivers\STM32F4xx_HAL_Driver\Src\stm32f4xx_hal.c 0x00000000   Number         0  stm32f4xx_hal.o ABSOLUTE
    ..\Drivers\STM32F4xx_HAL_Driver\Src\stm32f4xx_hal_adc.c 0x00000000   Number         0  stm32f4xx_hal_adc.o ABSOLUTE
    ..\Drivers\STM32F4xx_HAL_Driver\Src\stm32f4xx_hal_adc_ex.c 0x00000000   Number         0  stm32f4xx_hal_adc_ex.o ABSOLUTE
    ..\Drivers\STM32F4xx_HAL_Driver\Src\stm32f4xx_hal_cortex.c 0x00000000   Number         0  stm32f4xx_hal_cortex.o ABSOLUTE
    ..\Drivers\STM32F4xx_HAL_Driver\Src\stm32f4xx_hal_dac.c 0x00000000   Number         0  stm32f4xx_hal_dac.o ABSOLUTE
    ..\Drivers\STM32F4xx_HAL_Driver\Src\stm32f4xx_hal_dac_ex.c 0x00000000   Number         0  stm32f4xx_hal_dac_ex.o ABSOLUTE
    ..\Drivers\STM32F4xx_HAL_Driver\Src\stm32f4xx_hal_dma.c 0x00000000   Number         0  stm32f4xx_hal_dma.o ABSOLUTE
    ..\Drivers\STM32F4xx_HAL_Driver\Src\stm32f4xx_hal_dma_ex.c 0x00000000   Number         0  stm32f4xx_hal_dma_ex.o ABSOLUTE
    ..\Drivers\STM32F4xx_HAL_Driver\Src\stm32f4xx_hal_exti.c 0x00000000   Number         0  stm32f4xx_hal_exti.o ABSOLUTE
    ..\Drivers\STM32F4xx_HAL_Driver\Src\stm32f4xx_hal_flash.c 0x00000000   Number         0  stm32f4xx_hal_flash.o ABSOLUTE
    ..\Drivers\STM32F4xx_HAL_Driver\Src\stm32f4xx_hal_flash_ex.c 0x00000000   Number         0  stm32f4xx_hal_flash_ex.o ABSOLUTE
    ..\Drivers\STM32F4xx_HAL_Driver\Src\stm32f4xx_hal_flash_ramfunc.c 0x00000000   Number         0  stm32f4xx_hal_flash_ramfunc.o ABSOLUTE
    ..\Drivers\STM32F4xx_HAL_Driver\Src\stm32f4xx_hal_gpio.c 0x00000000   Number         0  stm32f4xx_hal_gpio.o ABSOLUTE
    ..\Drivers\STM32F4xx_HAL_Driver\Src\stm32f4xx_hal_pwr.c 0x00000000   Number         0  stm32f4xx_hal_pwr.o ABSOLUTE
    ..\Drivers\STM32F4xx_HAL_Driver\Src\stm32f4xx_hal_pwr_ex.c 0x00000000   Number         0  stm32f4xx_hal_pwr_ex.o ABSOLUTE
    ..\Drivers\STM32F4xx_HAL_Driver\Src\stm32f4xx_hal_rcc.c 0x00000000   Number         0  stm32f4xx_hal_rcc.o ABSOLUTE
    ..\Drivers\STM32F4xx_HAL_Driver\Src\stm32f4xx_hal_rcc_ex.c 0x00000000   Number         0  stm32f4xx_hal_rcc_ex.o ABSOLUTE
    ..\Drivers\STM32F4xx_HAL_Driver\Src\stm32f4xx_hal_tim.c 0x00000000   Number         0  stm32f4xx_hal_tim.o ABSOLUTE
    ..\Drivers\STM32F4xx_HAL_Driver\Src\stm32f4xx_hal_tim_ex.c 0x00000000   Number         0  stm32f4xx_hal_tim_ex.o ABSOLUTE
    ..\Src\adc.c                             0x00000000   Number         0  adc.o ABSOLUTE
    ..\Src\dac.c                             0x00000000   Number         0  dac.o ABSOLUTE
    ..\Src\gpio.c                            0x00000000   Number         0  gpio.o ABSOLUTE
    ..\Src\main.c                            0x00000000   Number         0  main.o ABSOLUTE
    ..\Src\stm32f4xx_hal_msp.c               0x00000000   Number         0  stm32f4xx_hal_msp.o ABSOLUTE
    ..\Src\stm32f4xx_it.c                    0x00000000   Number         0  stm32f4xx_it.o ABSOLUTE
    ..\Src\system_stm32f4xx.c                0x00000000   Number         0  system_stm32f4xx.o ABSOLUTE
    C:/Users/Original Shop/OneDrive-Zahi JARIR/Desktop/T/NAMO/NAMO/Src/NAMO.c 0x00000000   Number         0  namo.o ABSOLUTE
    C:/Users/Original Shop/OneDrive-Zahi JARIR/Desktop/T/NAMO/NAMO/Src/NAMO_ADC.c 0x00000000   Number         0  namo_adc.o ABSOLUTE
    C:/Users/Original Shop/OneDrive-Zahi JARIR/Desktop/T/NAMO/NAMO/Src/NAMO_DAC.c 0x00000000   Number         0  namo_dac.o ABSOLUTE
    C:/Users/Original Shop/OneDrive-Zahi JARIR/Desktop/T/NAMO/NAMO/Src/NAMO_data.c 0x00000000   Number         0  namo_data.o ABSOLUTE
    C:/Users/Original Shop/OneDrive-Zahi JARIR/Desktop/T/NAMO/NAMO/Src/rtGetInf.c 0x00000000   Number         0  rtgetinf.o ABSOLUTE
    C:/Users/Original Shop/OneDrive-Zahi JARIR/Desktop/T/NAMO/NAMO/Src/rtGetNaN.c 0x00000000   Number         0  rtgetnan.o ABSOLUTE
    C:/Users/Original Shop/OneDrive-Zahi JARIR/Desktop/T/NAMO/NAMO/Src/rt_nonfinite.c 0x00000000   Number         0  rt_nonfinite.o ABSOLUTE
    C:\Users\Original Shop\OneDrive-Zahi JARIR\Desktop\T\NAMO\NAMO\Src\NAMO.c 0x00000000   Number         0  namo.o ABSOLUTE
    C:\Users\Original Shop\OneDrive-Zahi JARIR\Desktop\T\NAMO\NAMO\Src\NAMO_ADC.c 0x00000000   Number         0  namo_adc.o ABSOLUTE
    C:\Users\Original Shop\OneDrive-Zahi JARIR\Desktop\T\NAMO\NAMO\Src\NAMO_DAC.c 0x00000000   Number         0  namo_dac.o ABSOLUTE
    C:\Users\Original Shop\OneDrive-Zahi JARIR\Desktop\T\NAMO\NAMO\Src\NAMO_data.c 0x00000000   Number         0  namo_data.o ABSOLUTE
    dc.s                                     0x00000000   Number         0  dc.o ABSOLUTE
    startup_stm32f446xx.s                    0x00000000   Number         0  startup_stm32f446xx.o ABSOLUTE
    RESET                                    0x08000000   Section      452  startup_stm32f446xx.o(RESET)
    !!!main                                  0x080001c4   Section        8  __main.o(!!!main)
    !!!scatter                               0x080001cc   Section       52  __scatter.o(!!!scatter)
    !!handler_copy                           0x08000200   Section       26  __scatter_copy.o(!!handler_copy)
    !!handler_zi                             0x0800021c   Section       28  __scatter_zi.o(!!handler_zi)
    .ARM.Collect$$libinit$$00000000          0x08000238   Section        2  libinit.o(.ARM.Collect$$libinit$$00000000)
    .ARM.Collect$$libinit$$00000001          0x0800023a   Section        4  libinit2.o(.ARM.Collect$$libinit$$00000001)
    .ARM.Collect$$libinit$$00000004          0x0800023e   Section        0  libinit2.o(.ARM.Collect$$libinit$$00000004)
    .ARM.Collect$$libinit$$0000000A          0x0800023e   Section        0  libinit2.o(.ARM.Collect$$libinit$$0000000A)
    .ARM.Collect$$libinit$$0000000C          0x0800023e   Section        0  libinit2.o(.ARM.Collect$$libinit$$0000000C)
    .ARM.Collect$$libinit$$0000000E          0x0800023e   Section        0  libinit2.o(.ARM.Collect$$libinit$$0000000E)
    .ARM.Collect$$libinit$$00000011          0x0800023e   Section        0  libinit2.o(.ARM.Collect$$libinit$$00000011)
    .ARM.Collect$$libinit$$00000013          0x0800023e   Section        0  libinit2.o(.ARM.Collect$$libinit$$00000013)
    .ARM.Collect$$libinit$$00000015          0x0800023e   Section        0  libinit2.o(.ARM.Collect$$libinit$$00000015)
    .ARM.Collect$$libinit$$00000017          0x0800023e   Section        0  libinit2.o(.ARM.Collect$$libinit$$00000017)
    .ARM.Collect$$libinit$$00000019          0x0800023e   Section        0  libinit2.o(.ARM.Collect$$libinit$$00000019)
    .ARM.Collect$$libinit$$0000001B          0x0800023e   Section        0  libinit2.o(.ARM.Collect$$libinit$$0000001B)
    .ARM.Collect$$libinit$$0000001D          0x0800023e   Section        0  libinit2.o(.ARM.Collect$$libinit$$0000001D)
    .ARM.Collect$$libinit$$0000001F          0x0800023e   Section        0  libinit2.o(.ARM.Collect$$libinit$$0000001F)
    .ARM.Collect$$libinit$$00000021          0x0800023e   Section        0  libinit2.o(.ARM.Collect$$libinit$$00000021)
    .ARM.Collect$$libinit$$00000023          0x0800023e   Section        0  libinit2.o(.ARM.Collect$$libinit$$00000023)
    .ARM.Collect$$libinit$$00000025          0x0800023e   Section        0  libinit2.o(.ARM.Collect$$libinit$$00000025)
    .ARM.Collect$$libinit$$0000002C          0x0800023e   Section        0  libinit2.o(.ARM.Collect$$libinit$$0000002C)
    .ARM.Collect$$libinit$$0000002E          0x0800023e   Section        0  libinit2.o(.ARM.Collect$$libinit$$0000002E)
    .ARM.Collect$$libinit$$00000030          0x0800023e   Section        0  libinit2.o(.ARM.Collect$$libinit$$00000030)
    .ARM.Collect$$libinit$$00000032          0x0800023e   Section        0  libinit2.o(.ARM.Collect$$libinit$$00000032)
    .ARM.Collect$$libinit$$00000033          0x0800023e   Section        2  libinit2.o(.ARM.Collect$$libinit$$00000033)
    .ARM.Collect$$libshutdown$$00000000      0x08000240   Section        2  libshutdown.o(.ARM.Collect$$libshutdown$$00000000)
    .ARM.Collect$$libshutdown$$00000002      0x08000242   Section        0  libshutdown2.o(.ARM.Collect$$libshutdown$$00000002)
    .ARM.Collect$$libshutdown$$00000004      0x08000242   Section        0  libshutdown2.o(.ARM.Collect$$libshutdown$$00000004)
    .ARM.Collect$$libshutdown$$00000006      0x08000242   Section        0  libshutdown2.o(.ARM.Collect$$libshutdown$$00000006)
    .ARM.Collect$$libshutdown$$00000009      0x08000242   Section        0  libshutdown2.o(.ARM.Collect$$libshutdown$$00000009)
    .ARM.Collect$$libshutdown$$0000000C      0x08000242   Section        0  libshutdown2.o(.ARM.Collect$$libshutdown$$0000000C)
    .ARM.Collect$$libshutdown$$0000000E      0x08000242   Section        0  libshutdown2.o(.ARM.Collect$$libshutdown$$0000000E)
    .ARM.Collect$$libshutdown$$00000011      0x08000242   Section        0  libshutdown2.o(.ARM.Collect$$libshutdown$$00000011)
    .ARM.Collect$$libshutdown$$00000012      0x08000242   Section        2  libshutdown2.o(.ARM.Collect$$libshutdown$$00000012)
    .ARM.Collect$$rtentry$$00000000          0x08000244   Section        0  __rtentry.o(.ARM.Collect$$rtentry$$00000000)
    .ARM.Collect$$rtentry$$00000002          0x08000244   Section        0  __rtentry2.o(.ARM.Collect$$rtentry$$00000002)
    .ARM.Collect$$rtentry$$00000004          0x08000244   Section        6  __rtentry4.o(.ARM.Collect$$rtentry$$00000004)
    .ARM.Collect$$rtentry$$00000009          0x0800024a   Section        0  __rtentry2.o(.ARM.Collect$$rtentry$$00000009)
    .ARM.Collect$$rtentry$$0000000A          0x0800024a   Section        4  __rtentry2.o(.ARM.Collect$$rtentry$$0000000A)
    .ARM.Collect$$rtentry$$0000000C          0x0800024e   Section        0  __rtentry2.o(.ARM.Collect$$rtentry$$0000000C)
    .ARM.Collect$$rtentry$$0000000D          0x0800024e   Section        8  __rtentry2.o(.ARM.Collect$$rtentry$$0000000D)
    .ARM.Collect$$rtexit$$00000000           0x08000256   Section        2  rtexit.o(.ARM.Collect$$rtexit$$00000000)
    .ARM.Collect$$rtexit$$00000002           0x08000258   Section        0  rtexit2.o(.ARM.Collect$$rtexit$$00000002)
    .ARM.Collect$$rtexit$$00000003           0x08000258   Section        4  rtexit2.o(.ARM.Collect$$rtexit$$00000003)
    .ARM.Collect$$rtexit$$00000004           0x0800025c   Section        6  rtexit2.o(.ARM.Collect$$rtexit$$00000004)
    .text                                    0x08000264   Section       64  startup_stm32f446xx.o(.text)
    $v0                                      0x08000264   Number         0  startup_stm32f446xx.o(.text)
    .text                                    0x080002a4   Section      238  lludivv7m.o(.text)
    .text                                    0x08000392   Section       78  rt_memclr_w.o(.text)
    .text                                    0x080003e0   Section        0  heapauxi.o(.text)
    .text                                    0x080003e6   Section        0  _rserrno.o(.text)
    .text                                    0x080003fc   Section        8  rt_errno_addr_intlibspace.o(.text)
    .text                                    0x08000404   Section        8  libspace.o(.text)
    .text                                    0x0800040c   Section       74  sys_stackheap_outer.o(.text)
    .text                                    0x08000456   Section        0  exit.o(.text)
    .text                                    0x08000468   Section        0  sys_exit.o(.text)
    .text                                    0x08000474   Section        2  use_no_semi.o(.text)
    .text                                    0x08000476   Section        0  indicate_semi.o(.text)
    i.ADC_Init                               0x08000478   Section        0  stm32f4xx_hal_adc.o(i.ADC_Init)
    ADC_Init                                 0x08000479   Thumb Code   284  stm32f4xx_hal_adc.o(i.ADC_Init)
    i.BusFault_Handler                       0x080005a0   Section        0  stm32f4xx_it.o(i.BusFault_Handler)
    i.DebugMon_Handler                       0x080005a2   Section        0  stm32f4xx_it.o(i.DebugMon_Handler)
    i.Error_Handler                          0x080005a4   Section        0  main.o(i.Error_Handler)
    i.HAL_ADC_ConfigChannel                  0x080005a8   Section        0  stm32f4xx_hal_adc.o(i.HAL_ADC_ConfigChannel)
    i.HAL_ADC_GetValue                       0x0800070c   Section        0  stm32f4xx_hal_adc.o(i.HAL_ADC_GetValue)
    i.HAL_ADC_Init                           0x08000712   Section        0  stm32f4xx_hal_adc.o(i.HAL_ADC_Init)
    i.HAL_ADC_MspInit                        0x08000768   Section        0  adc.o(i.HAL_ADC_MspInit)
    i.HAL_ADC_PollForConversion              0x080007c8   Section        0  stm32f4xx_hal_adc.o(i.HAL_ADC_PollForConversion)
    i.HAL_ADC_Start                          0x08000874   Section        0  stm32f4xx_hal_adc.o(i.HAL_ADC_Start)
    i.HAL_DAC_ConfigChannel                  0x08000970   Section        0  stm32f4xx_hal_dac.o(i.HAL_DAC_ConfigChannel)
    i.HAL_DAC_Init                           0x080009b6   Section        0  stm32f4xx_hal_dac.o(i.HAL_DAC_Init)
    i.HAL_DAC_MspInit                        0x080009e0   Section        0  dac.o(i.HAL_DAC_MspInit)
    i.HAL_DAC_SetValue                       0x08000a40   Section        0  stm32f4xx_hal_dac.o(i.HAL_DAC_SetValue)
    i.HAL_DAC_Start                          0x08000a5a   Section        0  stm32f4xx_hal_dac.o(i.HAL_DAC_Start)
    i.HAL_GPIO_Init                          0x08000ab8   Section        0  stm32f4xx_hal_gpio.o(i.HAL_GPIO_Init)
    i.HAL_GetTick                            0x08000c94   Section        0  stm32f4xx_hal.o(i.HAL_GetTick)
    i.HAL_IncTick                            0x08000ca0   Section        0  stm32f4xx_hal.o(i.HAL_IncTick)
    i.HAL_Init                               0x08000cb0   Section        0  stm32f4xx_hal.o(i.HAL_Init)
    i.HAL_InitTick                           0x08000ce4   Section        0  stm32f4xx_hal.o(i.HAL_InitTick)
    i.HAL_MspInit                            0x08000d24   Section        0  stm32f4xx_hal_msp.o(i.HAL_MspInit)
    i.HAL_NVIC_SetPriority                   0x08000d54   Section        0  stm32f4xx_hal_cortex.o(i.HAL_NVIC_SetPriority)
    i.HAL_NVIC_SetPriorityGrouping           0x08000d94   Section        0  stm32f4xx_hal_cortex.o(i.HAL_NVIC_SetPriorityGrouping)
    i.HAL_RCC_ClockConfig                    0x08000db8   Section        0  stm32f4xx_hal_rcc.o(i.HAL_RCC_ClockConfig)
    i.HAL_RCC_GetSysClockFreq                0x08000eec   Section        0  stm32f4xx_hal_rcc_ex.o(i.HAL_RCC_GetSysClockFreq)
    i.HAL_RCC_OscConfig                      0x08000f84   Section        0  stm32f4xx_hal_rcc_ex.o(i.HAL_RCC_OscConfig)
    i.HAL_SYSTICK_Config                     0x0800131c   Section        0  stm32f4xx_hal_cortex.o(i.HAL_SYSTICK_Config)
    i.HardFault_Handler                      0x08001344   Section        0  stm32f4xx_it.o(i.HardFault_Handler)
    i.MX_ADC1_Init                           0x08001348   Section        0  adc.o(i.MX_ADC1_Init)
    i.MX_DAC_Init                            0x080013a8   Section        0  dac.o(i.MX_DAC_Init)
    i.MX_GPIO_Init                           0x080013e4   Section        0  gpio.o(i.MX_GPIO_Init)
    i.MemManage_Handler                      0x08001430   Section        0  stm32f4xx_it.o(i.MemManage_Handler)
    i.NAMO_initialize                        0x08001434   Section        0  namo.o(i.NAMO_initialize)
    i.NAMO_step                              0x08001494   Section        0  namo.o(i.NAMO_step)
    i.NMI_Handler                            0x080015ec   Section        0  stm32f4xx_it.o(i.NMI_Handler)
    i.PendSV_Handler                         0x080015ee   Section        0  stm32f4xx_it.o(i.PendSV_Handler)
    i.SVC_Handler                            0x080015f0   Section        0  stm32f4xx_it.o(i.SVC_Handler)
    i.SysTick_Config                         0x080015f4   Section        0  main.o(i.SysTick_Config)
    SysTick_Config                           0x080015f5   Thumb Code    38  main.o(i.SysTick_Config)
    i.SysTick_Handler                        0x08001620   Section        0  stm32f4xx_it.o(i.SysTick_Handler)
    i.SystemClock_Config                     0x08001634   Section        0  main.o(i.SystemClock_Config)
    i.SystemInit                             0x080016b4   Section        0  system_stm32f4xx.o(i.SystemInit)
    i.UsageFault_Handler                     0x080016c4   Section        0  stm32f4xx_it.o(i.UsageFault_Handler)
    i.__NVIC_SetPriority                     0x080016c6   Section        0  stm32f4xx_hal_cortex.o(i.__NVIC_SetPriority)
    __NVIC_SetPriority                       0x080016c7   Thumb Code    32  stm32f4xx_hal_cortex.o(i.__NVIC_SetPriority)
    i.__hardfp_floor                         0x080016e8   Section        0  floor.o(i.__hardfp_floor)
    i.__hardfp_fmod                          0x08001800   Section        0  fmod.o(i.__hardfp_fmod)
    i.__mathlib_dbl_invalid                  0x08001908   Section        0  dunder.o(i.__mathlib_dbl_invalid)
    i.main                                   0x08001928   Section        0  main.o(i.main)
    i.rtGetInf                               0x08001a00   Section        0  rtgetinf.o(i.rtGetInf)
    i.rtGetInfF                              0x08001a14   Section        0  rtgetinf.o(i.rtGetInfF)
    i.rtGetMinusInf                          0x08001a20   Section        0  rtgetinf.o(i.rtGetMinusInf)
    i.rtGetMinusInfF                         0x08001a34   Section        0  rtgetinf.o(i.rtGetMinusInfF)
    i.rtGetNaN                               0x08001a40   Section        0  rtgetnan.o(i.rtGetNaN)
    i.rtGetNaNF                              0x08001a54   Section        0  rtgetnan.o(i.rtGetNaNF)
    i.rtIsInf                                0x08001a60   Section        0  rt_nonfinite.o(i.rtIsInf)
    i.rtIsNaN                                0x08001aa4   Section        0  rt_nonfinite.o(i.rtIsNaN)
    i.rt_InitInfAndNaN                       0x08001ad0   Section        0  rt_nonfinite.o(i.rt_InitInfAndNaN)
    x$fpl$basic                              0x08001b0c   Section       24  basic.o(x$fpl$basic)
    $v0                                      0x08001b0c   Number         0  basic.o(x$fpl$basic)
    x$fpl$dadd                               0x08001b24   Section      336  daddsub_clz.o(x$fpl$dadd)
    $v0                                      0x08001b24   Number         0  daddsub_clz.o(x$fpl$dadd)
    _dadd1                                   0x08001b35   Thumb Code     0  daddsub_clz.o(x$fpl$dadd)
    x$fpl$dcmpinf                            0x08001c74   Section       24  dcmpi.o(x$fpl$dcmpinf)
    $v0                                      0x08001c74   Number         0  dcmpi.o(x$fpl$dcmpinf)
    x$fpl$ddiv                               0x08001c8c   Section      688  ddiv.o(x$fpl$ddiv)
    $v0                                      0x08001c8c   Number         0  ddiv.o(x$fpl$ddiv)
    ddiv_entry                               0x08001c93   Thumb Code     0  ddiv.o(x$fpl$ddiv)
    x$fpl$deqf                               0x08001f3c   Section      120  deqf.o(x$fpl$deqf)
    $v0                                      0x08001f3c   Number         0  deqf.o(x$fpl$deqf)
    x$fpl$dfixu                              0x08001fb4   Section       90  dfixu.o(x$fpl$dfixu)
    $v0                                      0x08001fb4   Number         0  dfixu.o(x$fpl$dfixu)
    x$fpl$dfltu                              0x0800200e   Section       38  dflt_clz.o(x$fpl$dfltu)
    $v0                                      0x0800200e   Number         0  dflt_clz.o(x$fpl$dfltu)
    x$fpl$dleqf                              0x08002034   Section      120  dleqf.o(x$fpl$dleqf)
    $v0                                      0x08002034   Number         0  dleqf.o(x$fpl$dleqf)
    x$fpl$dmul                               0x080020ac   Section      340  dmul.o(x$fpl$dmul)
    $v0                                      0x080020ac   Number         0  dmul.o(x$fpl$dmul)
    x$fpl$dnaninf                            0x08002200   Section      156  dnaninf.o(x$fpl$dnaninf)
    $v0                                      0x08002200   Number         0  dnaninf.o(x$fpl$dnaninf)
    x$fpl$drem                               0x0800229c   Section      336  drem_clz.o(x$fpl$drem)
    $v0                                      0x0800229c   Number         0  drem_clz.o(x$fpl$drem)
    x$fpl$dretinf                            0x080023ec   Section       12  dretinf.o(x$fpl$dretinf)
    $v0                                      0x080023ec   Number         0  dretinf.o(x$fpl$dretinf)
    x$fpl$drleqf                             0x080023f8   Section      108  drleqf.o(x$fpl$drleqf)
    $v0                                      0x080023f8   Number         0  drleqf.o(x$fpl$drleqf)
    x$fpl$drsb                               0x08002464   Section       22  daddsub_clz.o(x$fpl$drsb)
    $v0                                      0x08002464   Number         0  daddsub_clz.o(x$fpl$drsb)
    x$fpl$dsub                               0x0800247c   Section      468  daddsub_clz.o(x$fpl$dsub)
    $v0                                      0x0800247c   Number         0  daddsub_clz.o(x$fpl$dsub)
    _dsub1                                   0x0800248d   Thumb Code     0  daddsub_clz.o(x$fpl$dsub)
    x$fpl$fpinit                             0x08002650   Section       10  fpinit.o(x$fpl$fpinit)
    $v0                                      0x08002650   Number         0  fpinit.o(x$fpl$fpinit)
    .constdata                               0x0800265a   Section       16  system_stm32f4xx.o(.constdata)
    x$fpl$usenofp                            0x0800265a   Section        0  usenofp.o(x$fpl$usenofp)
    .constdata                               0x0800266c   Section        4  namo.o(.constdata)
    .constdata                               0x08002670   Section       72  namo_data.o(.constdata)
    .data                                    0x20000000   Section       12  main.o(.data)
    OverrunFlags                             0x20000000   Data           1  main.o(.data)
    autoReloadTimerLoopVal_S                 0x20000004   Data           4  main.o(.data)
    .data                                    0x2000000c   Section       12  stm32f4xx_hal.o(.data)
    .data                                    0x20000018   Section        4  system_stm32f4xx.o(.data)
    .data                                    0x2000001c   Section        4  namo.o(.data)
    NAMO_M_                                  0x2000001c   Data           4  namo.o(.data)
    .data                                    0x20000020   Section       56  namo_adc.o(.data)
    .data                                    0x20000058   Section        4  namo_adc.o(.data)
    .data                                    0x2000005c   Section        4  namo_adc.o(.data)
    .data                                    0x20000060   Section        4  namo_adc.o(.data)
    .data                                    0x20000064   Section        2  namo_adc.o(.data)
    .data                                    0x20000068   Section        4  namo_dac.o(.data)
    .data                                    0x2000006c   Section        4  namo_dac.o(.data)
    .data                                    0x20000070   Section       40  rt_nonfinite.o(.data)
    .bss                                     0x20000098   Section       72  adc.o(.bss)
    .bss                                     0x200000e0   Section       20  dac.o(.bss)
    .bss                                     0x200000f8   Section       80  namo.o(.bss)
    .bss                                     0x20000148   Section       16  namo_dac.o(.bss)
    .bss                                     0x20000158   Section       96  libspace.o(.bss)
    HEAP                                     0x200001b8   Section      512  startup_stm32f446xx.o(HEAP)
    Heap_Mem                                 0x200001b8   Data         512  startup_stm32f446xx.o(HEAP)
    STACK                                    0x200003b8   Section     1024  startup_stm32f446xx.o(STACK)
    Stack_Mem                                0x200003b8   Data        1024  startup_stm32f446xx.o(STACK)
    __initial_sp                             0x200007b8   Data           0  startup_stm32f446xx.o(STACK)

    Global Symbols

    Symbol Name                              Value     Ov Type        Size  Object(Section)

    BuildAttributes$$THM_ISAv4$E$P$D$K$B$S$7EM$VFPi3$EXTD16$VFPS$VFMA$PE$A:L22UL41UL21$X:L11$S22US41US21$IEEE1$IW$USESV6$~STKCKD$USESV7$~SHL$OTIME$ROPI$IEEEX$EBA8$UX$STANDARDLIB$REQ8$PRES8$EABIv2 0x00000000   Number         0  anon$$obj.o ABSOLUTE
    __ARM_use_no_argv                        0x00000000   Number         0  main.o ABSOLUTE
    __ARM_exceptions_init                     - Undefined Weak Reference
    __alloca_initialize                       - Undefined Weak Reference
    __arm_fini_                               - Undefined Weak Reference
    __arm_preinit_                            - Undefined Weak Reference
    __cpp_initialize__aeabi_                  - Undefined Weak Reference
    __cxa_finalize                            - Undefined Weak Reference
    __rt_locale                               - Undefined Weak Reference
    __sigvec_lookup                           - Undefined Weak Reference
    _atexit_init                              - Undefined Weak Reference
    _call_atexit_fns                          - Undefined Weak Reference
    _clock_init                               - Undefined Weak Reference
    _fp_trap_init                             - Undefined Weak Reference
    _fp_trap_shutdown                         - Undefined Weak Reference
    _get_lc_collate                           - Undefined Weak Reference
    _get_lc_ctype                             - Undefined Weak Reference
    _get_lc_monetary                          - Undefined Weak Reference
    _get_lc_numeric                           - Undefined Weak Reference
    _get_lc_time                              - Undefined Weak Reference
    _getenv_init                              - Undefined Weak Reference
    _handle_redirection                       - Undefined Weak Reference
    _init_alloc                               - Undefined Weak Reference
    _init_user_alloc                          - Undefined Weak Reference
    _initio                                   - Undefined Weak Reference
    _rand_init                                - Undefined Weak Reference
    _signal_finish                            - Undefined Weak Reference
    _signal_init                              - Undefined Weak Reference
    _terminate_alloc                          - Undefined Weak Reference
    _terminate_user_alloc                     - Undefined Weak Reference
    _terminateio                              - Undefined Weak Reference
    __Vectors_Size                           0x000001c4   Number         0  startup_stm32f446xx.o ABSOLUTE
    __Vectors                                0x08000000   Data           4  startup_stm32f446xx.o(RESET)
    __Vectors_End                            0x080001c4   Data           0  startup_stm32f446xx.o(RESET)
    __main                                   0x080001c5   Thumb Code     8  __main.o(!!!main)
    __scatterload                            0x080001cd   Thumb Code     0  __scatter.o(!!!scatter)
    __scatterload_rt2                        0x080001cd   Thumb Code    44  __scatter.o(!!!scatter)
    __scatterload_rt2_thumb_only             0x080001cd   Thumb Code     0  __scatter.o(!!!scatter)
    __scatterload_null                       0x080001db   Thumb Code     0  __scatter.o(!!!scatter)
    __scatterload_copy                       0x08000201   Thumb Code    26  __scatter_copy.o(!!handler_copy)
    __scatterload_zeroinit                   0x0800021d   Thumb Code    28  __scatter_zi.o(!!handler_zi)
    __rt_lib_init                            0x08000239   Thumb Code     0  libinit.o(.ARM.Collect$$libinit$$00000000)
    __rt_lib_init_fp_1                       0x0800023b   Thumb Code     0  libinit2.o(.ARM.Collect$$libinit$$00000001)
    __rt_lib_init_alloca_1                   0x0800023f   Thumb Code     0  libinit2.o(.ARM.Collect$$libinit$$0000002E)
    __rt_lib_init_argv_1                     0x0800023f   Thumb Code     0  libinit2.o(.ARM.Collect$$libinit$$0000002C)
    __rt_lib_init_atexit_1                   0x0800023f   Thumb Code     0  libinit2.o(.ARM.Collect$$libinit$$0000001B)
    __rt_lib_init_clock_1                    0x0800023f   Thumb Code     0  libinit2.o(.ARM.Collect$$libinit$$00000021)
    __rt_lib_init_cpp_1                      0x0800023f   Thumb Code     0  libinit2.o(.ARM.Collect$$libinit$$00000032)
    __rt_lib_init_exceptions_1               0x0800023f   Thumb Code     0  libinit2.o(.ARM.Collect$$libinit$$00000030)
    __rt_lib_init_fp_trap_1                  0x0800023f   Thumb Code     0  libinit2.o(.ARM.Collect$$libinit$$0000001F)
    __rt_lib_init_getenv_1                   0x0800023f   Thumb Code     0  libinit2.o(.ARM.Collect$$libinit$$00000023)
    __rt_lib_init_heap_1                     0x0800023f   Thumb Code     0  libinit2.o(.ARM.Collect$$libinit$$0000000A)
    __rt_lib_init_lc_collate_1               0x0800023f   Thumb Code     0  libinit2.o(.ARM.Collect$$libinit$$00000011)
    __rt_lib_init_lc_ctype_1                 0x0800023f   Thumb Code     0  libinit2.o(.ARM.Collect$$libinit$$00000013)
    __rt_lib_init_lc_monetary_1              0x0800023f   Thumb Code     0  libinit2.o(.ARM.Collect$$libinit$$00000015)
    __rt_lib_init_lc_numeric_1               0x0800023f   Thumb Code     0  libinit2.o(.ARM.Collect$$libinit$$00000017)
    __rt_lib_init_lc_time_1                  0x0800023f   Thumb Code     0  libinit2.o(.ARM.Collect$$libinit$$00000019)
    __rt_lib_init_preinit_1                  0x0800023f   Thumb Code     0  libinit2.o(.ARM.Collect$$libinit$$00000004)
    __rt_lib_init_rand_1                     0x0800023f   Thumb Code     0  libinit2.o(.ARM.Collect$$libinit$$0000000E)
    __rt_lib_init_return                     0x0800023f   Thumb Code     0  libinit2.o(.ARM.Collect$$libinit$$00000033)
    __rt_lib_init_signal_1                   0x0800023f   Thumb Code     0  libinit2.o(.ARM.Collect$$libinit$$0000001D)
    __rt_lib_init_stdio_1                    0x0800023f   Thumb Code     0  libinit2.o(.ARM.Collect$$libinit$$00000025)
    __rt_lib_init_user_alloc_1               0x0800023f   Thumb Code     0  libinit2.o(.ARM.Collect$$libinit$$0000000C)
    __rt_lib_shutdown                        0x08000241   Thumb Code     0  libshutdown.o(.ARM.Collect$$libshutdown$$00000000)
    __rt_lib_shutdown_cpp_1                  0x08000243   Thumb Code     0  libshutdown2.o(.ARM.Collect$$libshutdown$$00000004)
    __rt_lib_shutdown_fini_1                 0x08000243   Thumb Code     0  libshutdown2.o(.ARM.Collect$$libshutdown$$00000002)
    __rt_lib_shutdown_fp_trap_1              0x08000243   Thumb Code     0  libshutdown2.o(.ARM.Collect$$libshutdown$$00000009)
    __rt_lib_shutdown_heap_1                 0x08000243   Thumb Code     0  libshutdown2.o(.ARM.Collect$$libshutdown$$00000011)
    __rt_lib_shutdown_return                 0x08000243   Thumb Code     0  libshutdown2.o(.ARM.Collect$$libshutdown$$00000012)
    __rt_lib_shutdown_signal_1               0x08000243   Thumb Code     0  libshutdown2.o(.ARM.Collect$$libshutdown$$0000000C)
    __rt_lib_shutdown_stdio_1                0x08000243   Thumb Code     0  libshutdown2.o(.ARM.Collect$$libshutdown$$00000006)
    __rt_lib_shutdown_user_alloc_1           0x08000243   Thumb Code     0  libshutdown2.o(.ARM.Collect$$libshutdown$$0000000E)
    __rt_entry                               0x08000245   Thumb Code     0  __rtentry.o(.ARM.Collect$$rtentry$$00000000)
    __rt_entry_presh_1                       0x08000245   Thumb Code     0  __rtentry2.o(.ARM.Collect$$rtentry$$00000002)
    __rt_entry_sh                            0x08000245   Thumb Code     0  __rtentry4.o(.ARM.Collect$$rtentry$$00000004)
    __rt_entry_li                            0x0800024b   Thumb Code     0  __rtentry2.o(.ARM.Collect$$rtentry$$0000000A)
    __rt_entry_postsh_1                      0x0800024b   Thumb Code     0  __rtentry2.o(.ARM.Collect$$rtentry$$00000009)
    __rt_entry_main                          0x0800024f   Thumb Code     0  __rtentry2.o(.ARM.Collect$$rtentry$$0000000D)
    __rt_entry_postli_1                      0x0800024f   Thumb Code     0  __rtentry2.o(.ARM.Collect$$rtentry$$0000000C)
    __rt_exit                                0x08000257   Thumb Code     0  rtexit.o(.ARM.Collect$$rtexit$$00000000)
    __rt_exit_ls                             0x08000259   Thumb Code     0  rtexit2.o(.ARM.Collect$$rtexit$$00000003)
    __rt_exit_prels_1                        0x08000259   Thumb Code     0  rtexit2.o(.ARM.Collect$$rtexit$$00000002)
    __rt_exit_exit                           0x0800025d   Thumb Code     0  rtexit2.o(.ARM.Collect$$rtexit$$00000004)
    Reset_Handler                            0x08000265   Thumb Code     8  startup_stm32f446xx.o(.text)
    ADC_IRQHandler                           0x0800027f   Thumb Code     0  startup_stm32f446xx.o(.text)
    CAN1_RX0_IRQHandler                      0x0800027f   Thumb Code     0  startup_stm32f446xx.o(.text)
    CAN1_RX1_IRQHandler                      0x0800027f   Thumb Code     0  startup_stm32f446xx.o(.text)
    CAN1_SCE_IRQHandler                      0x0800027f   Thumb Code     0  startup_stm32f446xx.o(.text)
    CAN1_TX_IRQHandler                       0x0800027f   Thumb Code     0  startup_stm32f446xx.o(.text)
    CAN2_RX0_IRQHandler                      0x0800027f   Thumb Code     0  startup_stm32f446xx.o(.text)
    CAN2_RX1_IRQHandler                      0x0800027f   Thumb Code     0  startup_stm32f446xx.o(.text)
    CAN2_SCE_IRQHandler                      0x0800027f   Thumb Code     0  startup_stm32f446xx.o(.text)
    CAN2_TX_IRQHandler                       0x0800027f   Thumb Code     0  startup_stm32f446xx.o(.text)
    CEC_IRQHandler                           0x0800027f   Thumb Code     0  startup_stm32f446xx.o(.text)
    DCMI_IRQHandler                          0x0800027f   Thumb Code     0  startup_stm32f446xx.o(.text)
    DMA1_Stream0_IRQHandler                  0x0800027f   Thumb Code     0  startup_stm32f446xx.o(.text)
    DMA1_Stream1_IRQHandler                  0x0800027f   Thumb Code     0  startup_stm32f446xx.o(.text)
    DMA1_Stream2_IRQHandler                  0x0800027f   Thumb Code     0  startup_stm32f446xx.o(.text)
    DMA1_Stream3_IRQHandler                  0x0800027f   Thumb Code     0  startup_stm32f446xx.o(.text)
    DMA1_Stream4_IRQHandler                  0x0800027f   Thumb Code     0  startup_stm32f446xx.o(.text)
    DMA1_Stream5_IRQHandler                  0x0800027f   Thumb Code     0  startup_stm32f446xx.o(.text)
    DMA1_Stream6_IRQHandler                  0x0800027f   Thumb Code     0  startup_stm32f446xx.o(.text)
    DMA1_Stream7_IRQHandler                  0x0800027f   Thumb Code     0  startup_stm32f446xx.o(.text)
    DMA2_Stream0_IRQHandler                  0x0800027f   Thumb Code     0  startup_stm32f446xx.o(.text)
    DMA2_Stream1_IRQHandler                  0x0800027f   Thumb Code     0  startup_stm32f446xx.o(.text)
    DMA2_Stream2_IRQHandler                  0x0800027f   Thumb Code     0  startup_stm32f446xx.o(.text)
    DMA2_Stream3_IRQHandler                  0x0800027f   Thumb Code     0  startup_stm32f446xx.o(.text)
    DMA2_Stream4_IRQHandler                  0x0800027f   Thumb Code     0  startup_stm32f446xx.o(.text)
    DMA2_Stream5_IRQHandler                  0x0800027f   Thumb Code     0  startup_stm32f446xx.o(.text)
    DMA2_Stream6_IRQHandler                  0x0800027f   Thumb Code     0  startup_stm32f446xx.o(.text)
    DMA2_Stream7_IRQHandler                  0x0800027f   Thumb Code     0  startup_stm32f446xx.o(.text)
    EXTI0_IRQHandler                         0x0800027f   Thumb Code     0  startup_stm32f446xx.o(.text)
    EXTI15_10_IRQHandler                     0x0800027f   Thumb Code     0  startup_stm32f446xx.o(.text)
    EXTI1_IRQHandler                         0x0800027f   Thumb Code     0  startup_stm32f446xx.o(.text)
    EXTI2_IRQHandler                         0x0800027f   Thumb Code     0  startup_stm32f446xx.o(.text)
    EXTI3_IRQHandler                         0x0800027f   Thumb Code     0  startup_stm32f446xx.o(.text)
    EXTI4_IRQHandler                         0x0800027f   Thumb Code     0  startup_stm32f446xx.o(.text)
    EXTI9_5_IRQHandler                       0x0800027f   Thumb Code     0  startup_stm32f446xx.o(.text)
    FLASH_IRQHandler                         0x0800027f   Thumb Code     0  startup_stm32f446xx.o(.text)
    FMC_IRQHandler                           0x0800027f   Thumb Code     0  startup_stm32f446xx.o(.text)
    FMPI2C1_ER_IRQHandler                    0x0800027f   Thumb Code     0  startup_stm32f446xx.o(.text)
    FMPI2C1_EV_IRQHandler                    0x0800027f   Thumb Code     0  startup_stm32f446xx.o(.text)
    FPU_IRQHandler                           0x0800027f   Thumb Code     0  startup_stm32f446xx.o(.text)
    I2C1_ER_IRQHandler                       0x0800027f   Thumb Code     0  startup_stm32f446xx.o(.text)
    I2C1_EV_IRQHandler                       0x0800027f   Thumb Code     0  startup_stm32f446xx.o(.text)
    I2C2_ER_IRQHandler                       0x0800027f   Thumb Code     0  startup_stm32f446xx.o(.text)
    I2C2_EV_IRQHandler                       0x0800027f   Thumb Code     0  startup_stm32f446xx.o(.text)
    I2C3_ER_IRQHandler                       0x0800027f   Thumb Code     0  startup_stm32f446xx.o(.text)
    I2C3_EV_IRQHandler                       0x0800027f   Thumb Code     0  startup_stm32f446xx.o(.text)
    OTG_FS_IRQHandler                        0x0800027f   Thumb Code     0  startup_stm32f446xx.o(.text)
    OTG_FS_WKUP_IRQHandler                   0x0800027f   Thumb Code     0  startup_stm32f446xx.o(.text)
    OTG_HS_EP1_IN_IRQHandler                 0x0800027f   Thumb Code     0  startup_stm32f446xx.o(.text)
    OTG_HS_EP1_OUT_IRQHandler                0x0800027f   Thumb Code     0  startup_stm32f446xx.o(.text)
    OTG_HS_IRQHandler                        0x0800027f   Thumb Code     0  startup_stm32f446xx.o(.text)
    OTG_HS_WKUP_IRQHandler                   0x0800027f   Thumb Code     0  startup_stm32f446xx.o(.text)
    PVD_IRQHandler                           0x0800027f   Thumb Code     0  startup_stm32f446xx.o(.text)
    QUADSPI_IRQHandler                       0x0800027f   Thumb Code     0  startup_stm32f446xx.o(.text)
    RCC_IRQHandler                           0x0800027f   Thumb Code     0  startup_stm32f446xx.o(.text)
    RTC_Alarm_IRQHandler                     0x0800027f   Thumb Code     0  startup_stm32f446xx.o(.text)
    RTC_WKUP_IRQHandler                      0x0800027f   Thumb Code     0  startup_stm32f446xx.o(.text)
    SAI1_IRQHandler                          0x0800027f   Thumb Code     0  startup_stm32f446xx.o(.text)
    SAI2_IRQHandler                          0x0800027f   Thumb Code     0  startup_stm32f446xx.o(.text)
    SDIO_IRQHandler                          0x0800027f   Thumb Code     0  startup_stm32f446xx.o(.text)
    SPDIF_RX_IRQHandler                      0x0800027f   Thumb Code     0  startup_stm32f446xx.o(.text)
    SPI1_IRQHandler                          0x0800027f   Thumb Code     0  startup_stm32f446xx.o(.text)
    SPI2_IRQHandler                          0x0800027f   Thumb Code     0  startup_stm32f446xx.o(.text)
    SPI3_IRQHandler                          0x0800027f   Thumb Code     0  startup_stm32f446xx.o(.text)
    SPI4_IRQHandler                          0x0800027f   Thumb Code     0  startup_stm32f446xx.o(.text)
    TAMP_STAMP_IRQHandler                    0x0800027f   Thumb Code     0  startup_stm32f446xx.o(.text)
    TIM1_BRK_TIM9_IRQHandler                 0x0800027f   Thumb Code     0  startup_stm32f446xx.o(.text)
    TIM1_CC_IRQHandler                       0x0800027f   Thumb Code     0  startup_stm32f446xx.o(.text)
    TIM1_TRG_COM_TIM11_IRQHandler            0x0800027f   Thumb Code     0  startup_stm32f446xx.o(.text)
    TIM1_UP_TIM10_IRQHandler                 0x0800027f   Thumb Code     0  startup_stm32f446xx.o(.text)
    TIM2_IRQHandler                          0x0800027f   Thumb Code     0  startup_stm32f446xx.o(.text)
    TIM3_IRQHandler                          0x0800027f   Thumb Code     0  startup_stm32f446xx.o(.text)
    TIM4_IRQHandler                          0x0800027f   Thumb Code     0  startup_stm32f446xx.o(.text)
    TIM5_IRQHandler                          0x0800027f   Thumb Code     0  startup_stm32f446xx.o(.text)
    TIM6_DAC_IRQHandler                      0x0800027f   Thumb Code     0  startup_stm32f446xx.o(.text)
    TIM7_IRQHandler                          0x0800027f   Thumb Code     0  startup_stm32f446xx.o(.text)
    TIM8_BRK_TIM12_IRQHandler                0x0800027f   Thumb Code     0  startup_stm32f446xx.o(.text)
    TIM8_CC_IRQHandler                       0x0800027f   Thumb Code     0  startup_stm32f446xx.o(.text)
    TIM8_TRG_COM_TIM14_IRQHandler            0x0800027f   Thumb Code     0  startup_stm32f446xx.o(.text)
    TIM8_UP_TIM13_IRQHandler                 0x0800027f   Thumb Code     0  startup_stm32f446xx.o(.text)
    UART4_IRQHandler                         0x0800027f   Thumb Code     0  startup_stm32f446xx.o(.text)
    UART5_IRQHandler                         0x0800027f   Thumb Code     0  startup_stm32f446xx.o(.text)
    USART1_IRQHandler                        0x0800027f   Thumb Code     0  startup_stm32f446xx.o(.text)
    USART2_IRQHandler                        0x0800027f   Thumb Code     0  startup_stm32f446xx.o(.text)
    USART3_IRQHandler                        0x0800027f   Thumb Code     0  startup_stm32f446xx.o(.text)
    USART6_IRQHandler                        0x0800027f   Thumb Code     0  startup_stm32f446xx.o(.text)
    WWDG_IRQHandler                          0x0800027f   Thumb Code     0  startup_stm32f446xx.o(.text)
    __user_initial_stackheap                 0x08000281   Thumb Code     0  startup_stm32f446xx.o(.text)
    __aeabi_uldivmod                         0x080002a5   Thumb Code     0  lludivv7m.o(.text)
    _ll_udiv                                 0x080002a5   Thumb Code   238  lludivv7m.o(.text)
    __aeabi_memclr4                          0x08000393   Thumb Code     0  rt_memclr_w.o(.text)
    __aeabi_memclr8                          0x08000393   Thumb Code     0  rt_memclr_w.o(.text)
    __rt_memclr_w                            0x08000393   Thumb Code    78  rt_memclr_w.o(.text)
    _memset_w                                0x08000397   Thumb Code     0  rt_memclr_w.o(.text)
    __use_two_region_memory                  0x080003e1   Thumb Code     2  heapauxi.o(.text)
    __rt_heap_escrow$2region                 0x080003e3   Thumb Code     2  heapauxi.o(.text)
    __rt_heap_expand$2region                 0x080003e5   Thumb Code     2  heapauxi.o(.text)
    __read_errno                             0x080003e7   Thumb Code    10  _rserrno.o(.text)
    __set_errno                              0x080003f1   Thumb Code    12  _rserrno.o(.text)
    __aeabi_errno_addr                       0x080003fd   Thumb Code     8  rt_errno_addr_intlibspace.o(.text)
    __errno$intlibspace                      0x080003fd   Thumb Code     0  rt_errno_addr_intlibspace.o(.text)
    __rt_errno_addr$intlibspace              0x080003fd   Thumb Code     0  rt_errno_addr_intlibspace.o(.text)
    __user_libspace                          0x08000405   Thumb Code     8  libspace.o(.text)
    __user_perproc_libspace                  0x08000405   Thumb Code     0  libspace.o(.text)
    __user_perthread_libspace                0x08000405   Thumb Code     0  libspace.o(.text)
    __user_setup_stackheap                   0x0800040d   Thumb Code    74  sys_stackheap_outer.o(.text)
    exit                                     0x08000457   Thumb Code    18  exit.o(.text)
    _sys_exit                                0x08000469   Thumb Code     8  sys_exit.o(.text)
    __I$use$semihosting                      0x08000475   Thumb Code     0  use_no_semi.o(.text)
    __use_no_semihosting_swi                 0x08000475   Thumb Code     2  use_no_semi.o(.text)
    __semihosting_library_function           0x08000477   Thumb Code     0  indicate_semi.o(.text)
    BusFault_Handler                         0x080005a1   Thumb Code     2  stm32f4xx_it.o(i.BusFault_Handler)
    DebugMon_Handler                         0x080005a3   Thumb Code     2  stm32f4xx_it.o(i.DebugMon_Handler)
    Error_Handler                            0x080005a5   Thumb Code     4  main.o(i.Error_Handler)
    HAL_ADC_ConfigChannel                    0x080005a9   Thumb Code   334  stm32f4xx_hal_adc.o(i.HAL_ADC_ConfigChannel)
    HAL_ADC_GetValue                         0x0800070d   Thumb Code     6  stm32f4xx_hal_adc.o(i.HAL_ADC_GetValue)
    HAL_ADC_Init                             0x08000713   Thumb Code    84  stm32f4xx_hal_adc.o(i.HAL_ADC_Init)
    HAL_ADC_MspInit                          0x08000769   Thumb Code    84  adc.o(i.HAL_ADC_MspInit)
    HAL_ADC_PollForConversion                0x080007c9   Thumb Code   170  stm32f4xx_hal_adc.o(i.HAL_ADC_PollForConversion)
    HAL_ADC_Start                            0x08000875   Thumb Code   228  stm32f4xx_hal_adc.o(i.HAL_ADC_Start)
    HAL_DAC_ConfigChannel                    0x08000971   Thumb Code    70  stm32f4xx_hal_dac.o(i.HAL_DAC_ConfigChannel)
    HAL_DAC_Init                             0x080009b7   Thumb Code    40  stm32f4xx_hal_dac.o(i.HAL_DAC_Init)
    HAL_DAC_MspInit                          0x080009e1   Thumb Code    84  dac.o(i.HAL_DAC_MspInit)
    HAL_DAC_SetValue                         0x08000a41   Thumb Code    26  stm32f4xx_hal_dac.o(i.HAL_DAC_SetValue)
    HAL_DAC_Start                            0x08000a5b   Thumb Code    92  stm32f4xx_hal_dac.o(i.HAL_DAC_Start)
    HAL_GPIO_Init                            0x08000ab9   Thumb Code   436  stm32f4xx_hal_gpio.o(i.HAL_GPIO_Init)
    HAL_GetTick                              0x08000c95   Thumb Code     6  stm32f4xx_hal.o(i.HAL_GetTick)
    HAL_IncTick                              0x08000ca1   Thumb Code    12  stm32f4xx_hal.o(i.HAL_IncTick)
    HAL_Init                                 0x08000cb1   Thumb Code    48  stm32f4xx_hal.o(i.HAL_Init)
    HAL_InitTick                             0x08000ce5   Thumb Code    54  stm32f4xx_hal.o(i.HAL_InitTick)
    HAL_MspInit                              0x08000d25   Thumb Code    42  stm32f4xx_hal_msp.o(i.HAL_MspInit)
    HAL_NVIC_SetPriority                     0x08000d55   Thumb Code    60  stm32f4xx_hal_cortex.o(i.HAL_NVIC_SetPriority)
    HAL_NVIC_SetPriorityGrouping             0x08000d95   Thumb Code    26  stm32f4xx_hal_cortex.o(i.HAL_NVIC_SetPriorityGrouping)
    HAL_RCC_ClockConfig                      0x08000db9   Thumb Code   288  stm32f4xx_hal_rcc.o(i.HAL_RCC_ClockConfig)
    HAL_RCC_GetSysClockFreq                  0x08000eed   Thumb Code   140  stm32f4xx_hal_rcc_ex.o(i.HAL_RCC_GetSysClockFreq)
    HAL_RCC_OscConfig                        0x08000f85   Thumb Code   900  stm32f4xx_hal_rcc_ex.o(i.HAL_RCC_OscConfig)
    HAL_SYSTICK_Config                       0x0800131d   Thumb Code    40  stm32f4xx_hal_cortex.o(i.HAL_SYSTICK_Config)
    HardFault_Handler                        0x08001345   Thumb Code     2  stm32f4xx_it.o(i.HardFault_Handler)
    MX_ADC1_Init                             0x08001349   Thumb Code    82  adc.o(i.MX_ADC1_Init)
    MX_DAC_Init                              0x080013a9   Thumb Code    50  dac.o(i.MX_DAC_Init)
    MX_GPIO_Init                             0x080013e5   Thumb Code    68  gpio.o(i.MX_GPIO_Init)
    MemManage_Handler                        0x08001431   Thumb Code     2  stm32f4xx_it.o(i.MemManage_Handler)
    NAMO_initialize                          0x08001435   Thumb Code    60  namo.o(i.NAMO_initialize)
    NAMO_step                                0x08001495   Thumb Code   304  namo.o(i.NAMO_step)
    NMI_Handler                              0x080015ed   Thumb Code     2  stm32f4xx_it.o(i.NMI_Handler)
    PendSV_Handler                           0x080015ef   Thumb Code     2  stm32f4xx_it.o(i.PendSV_Handler)
    SVC_Handler                              0x080015f1   Thumb Code     2  stm32f4xx_it.o(i.SVC_Handler)
    SysTick_Handler                          0x08001621   Thumb Code    16  stm32f4xx_it.o(i.SysTick_Handler)
    SystemClock_Config                       0x08001635   Thumb Code   120  main.o(i.SystemClock_Config)
    SystemInit                               0x080016b5   Thumb Code    12  system_stm32f4xx.o(i.SystemInit)
    UsageFault_Handler                       0x080016c5   Thumb Code     2  stm32f4xx_it.o(i.UsageFault_Handler)
    __hardfp_floor                           0x080016e9   Thumb Code   252  floor.o(i.__hardfp_floor)
    __hardfp_fmod                            0x08001801   Thumb Code   254  fmod.o(i.__hardfp_fmod)
    __mathlib_dbl_invalid                    0x08001909   Thumb Code    24  dunder.o(i.__mathlib_dbl_invalid)
    main                                     0x08001929   Thumb Code   188  main.o(i.main)
    rtGetInf                                 0x08001a01   Thumb Code    16  rtgetinf.o(i.rtGetInf)
    rtGetInfF                                0x08001a15   Thumb Code    10  rtgetinf.o(i.rtGetInfF)
    rtGetMinusInf                            0x08001a21   Thumb Code    16  rtgetinf.o(i.rtGetMinusInf)
    rtGetMinusInfF                           0x08001a35   Thumb Code     8  rtgetinf.o(i.rtGetMinusInfF)
    rtGetNaN                                 0x08001a41   Thumb Code    16  rtgetnan.o(i.rtGetNaN)
    rtGetNaNF                                0x08001a55   Thumb Code     8  rtgetnan.o(i.rtGetNaNF)
    rtIsInf                                  0x08001a61   Thumb Code    64  rt_nonfinite.o(i.rtIsInf)
    rtIsNaN                                  0x08001aa5   Thumb Code    44  rt_nonfinite.o(i.rtIsNaN)
    rt_InitInfAndNaN                         0x08001ad1   Thumb Code    54  rt_nonfinite.o(i.rt_InitInfAndNaN)
    __aeabi_dneg                             0x08001b0d   Thumb Code     0  basic.o(x$fpl$basic)
    _dneg                                    0x08001b0d   Thumb Code     6  basic.o(x$fpl$basic)
    __aeabi_fneg                             0x08001b13   Thumb Code     0  basic.o(x$fpl$basic)
    _fneg                                    0x08001b13   Thumb Code     6  basic.o(x$fpl$basic)
    _dabs                                    0x08001b19   Thumb Code     6  basic.o(x$fpl$basic)
    _fabs                                    0x08001b1f   Thumb Code     6  basic.o(x$fpl$basic)
    __aeabi_dadd                             0x08001b25   Thumb Code     0  daddsub_clz.o(x$fpl$dadd)
    _dadd                                    0x08001b25   Thumb Code   332  daddsub_clz.o(x$fpl$dadd)
    __fpl_dcmp_Inf                           0x08001c75   Thumb Code    24  dcmpi.o(x$fpl$dcmpinf)
    __aeabi_ddiv                             0x08001c8d   Thumb Code     0  ddiv.o(x$fpl$ddiv)
    _ddiv                                    0x08001c8d   Thumb Code   552  ddiv.o(x$fpl$ddiv)
    __aeabi_cdcmpeq                          0x08001f3d   Thumb Code     0  deqf.o(x$fpl$deqf)
    _dcmpeq                                  0x08001f3d   Thumb Code   120  deqf.o(x$fpl$deqf)
    __aeabi_d2uiz                            0x08001fb5   Thumb Code     0  dfixu.o(x$fpl$dfixu)
    _dfixu                                   0x08001fb5   Thumb Code    90  dfixu.o(x$fpl$dfixu)
    __aeabi_ui2d                             0x0800200f   Thumb Code     0  dflt_clz.o(x$fpl$dfltu)
    _dfltu                                   0x0800200f   Thumb Code    38  dflt_clz.o(x$fpl$dfltu)
    __aeabi_cdcmple                          0x08002035   Thumb Code     0  dleqf.o(x$fpl$dleqf)
    _dcmple                                  0x08002035   Thumb Code   120  dleqf.o(x$fpl$dleqf)
    __fpl_dcmple_InfNaN                      0x08002097   Thumb Code     0  dleqf.o(x$fpl$dleqf)
    __aeabi_dmul                             0x080020ad   Thumb Code     0  dmul.o(x$fpl$dmul)
    _dmul                                    0x080020ad   Thumb Code   332  dmul.o(x$fpl$dmul)
    __fpl_dnaninf                            0x08002201   Thumb Code   156  dnaninf.o(x$fpl$dnaninf)
    _drem                                    0x0800229d   Thumb Code   328  drem_clz.o(x$fpl$drem)
    __fpl_dretinf                            0x080023ed   Thumb Code    12  dretinf.o(x$fpl$dretinf)
    __aeabi_cdrcmple                         0x080023f9   Thumb Code     0  drleqf.o(x$fpl$drleqf)
    _drcmple                                 0x080023f9   Thumb Code   108  drleqf.o(x$fpl$drleqf)
    __aeabi_drsub                            0x08002465   Thumb Code     0  daddsub_clz.o(x$fpl$drsb)
    _drsb                                    0x08002465   Thumb Code    22  daddsub_clz.o(x$fpl$drsb)
    __aeabi_dsub                             0x0800247d   Thumb Code     0  daddsub_clz.o(x$fpl$dsub)
    _dsub                                    0x0800247d   Thumb Code   464  daddsub_clz.o(x$fpl$dsub)
    _fp_init                                 0x08002651   Thumb Code    10  fpinit.o(x$fpl$fpinit)
    __fplib_config_fpu_vfp                   0x08002659   Thumb Code     0  fpinit.o(x$fpl$fpinit)
    __fplib_config_pureend_doubles           0x08002659   Thumb Code     0  fpinit.o(x$fpl$fpinit)
    AHBPrescTable                            0x0800265a   Data          16  system_stm32f4xx.o(.constdata)
    __I$use$fp                               0x0800265a   Number         0  usenofp.o(x$fpl$usenofp)
    NAMO_M                                   0x0800266c   Data           4  namo.o(.constdata)
    NAMO_ConstP                              0x08002670   Data          72  namo_data.o(.constdata)
    Region$$Table$$Base                      0x080026b8   Number         0  anon$$obj.o(Region$$Table)
    Region$$Table$$Limit                     0x080026d8   Number         0  anon$$obj.o(Region$$Table)
    remainAutoReloadTimerLoopVal_S           0x20000008   Data           4  main.o(.data)
    uwTickFreq                               0x2000000c   Data           1  stm32f4xx_hal.o(.data)
    uwTickPrio                               0x20000010   Data           4  stm32f4xx_hal.o(.data)
    uwTick                                   0x20000014   Data           4  stm32f4xx_hal.o(.data)
    SystemCoreClock                          0x20000018   Data           4  system_stm32f4xx.o(.data)
    ADC1_Conf                                0x20000020   Data          56  namo_adc.o(.data)
    G_ADC1_PollTimeOut                       0x20000058   Data           4  namo_adc.o(.data)
    G_ADC_Conf                               0x2000005c   Data           4  namo_adc.o(.data)
    G_ADC_Handler                            0x20000060   Data           4  namo_adc.o(.data)
    ADC1_RegularConvertedValue               0x20000064   Data           2  namo_adc.o(.data)
    G_DAC_Conf                               0x20000068   Data           4  namo_dac.o(.data)
    G_DAC_Handler                            0x2000006c   Data           4  namo_dac.o(.data)
    rtInfF                                   0x20000070   Data           4  rt_nonfinite.o(.data)
    rtMinusInfF                              0x20000074   Data           4  rt_nonfinite.o(.data)
    rtNaNF                                   0x20000078   Data           4  rt_nonfinite.o(.data)
    rtInf                                    0x20000080   Data           8  rt_nonfinite.o(.data)
    rtMinusInf                               0x20000088   Data           8  rt_nonfinite.o(.data)
    rtNaN                                    0x20000090   Data           8  rt_nonfinite.o(.data)
    hadc1                                    0x20000098   Data          72  adc.o(.bss)
    hdac                                     0x200000e0   Data          20  dac.o(.bss)
    NAMO_B                                   0x200000f8   Data          16  namo.o(.bss)
    NAMO_DW                                  0x20000108   Data          64  namo.o(.bss)
    DAC_Conf                                 0x20000148   Data          16  namo_dac.o(.bss)
    __libspace_start                         0x20000158   Data          96  libspace.o(.bss)
    __temporary_stack_top$libspace           0x200001b8   Data           0  libspace.o(.bss)



==============================================================================

Memory Map of the image

  Image Entry point : 0x080001c5

  Load Region LR_IROM1 (Base: 0x08000000, Size: 0x00002770, Max: 0x00080000, ABSOLUTE)

    Execution Region ER_IROM1 (Exec base: 0x08000000, Load base: 0x08000000, Size: 0x000026d8, Max: 0x00080000, ABSOLUTE)

    Exec Addr    Load Addr    Size         Type   Attr      Idx    E Section Name        Object

    0x08000000   0x08000000   0x000001c4   Data   RO            3    RESET               startup_stm32f446xx.o
    0x080001c4   0x080001c4   0x00000008   Code   RO         2482  * !!!main             c_w.l(__main.o)
    0x080001cc   0x080001cc   0x00000034   Code   RO         2729    !!!scatter          c_w.l(__scatter.o)
    0x08000200   0x08000200   0x0000001a   Code   RO         2731    !!handler_copy      c_w.l(__scatter_copy.o)
    0x0800021a   0x0800021a   0x00000002   PAD
    0x0800021c   0x0800021c   0x0000001c   Code   RO         2733    !!handler_zi        c_w.l(__scatter_zi.o)
    0x08000238   0x08000238   0x00000002   Code   RO         2600    .ARM.Collect$$libinit$$00000000  c_w.l(libinit.o)
    0x0800023a   0x0800023a   0x00000004   Code   RO         2609    .ARM.Collect$$libinit$$00000001  c_w.l(libinit2.o)
    0x0800023e   0x0800023e   0x00000000   Code   RO         2612    .ARM.Collect$$libinit$$00000004  c_w.l(libinit2.o)
    0x0800023e   0x0800023e   0x00000000   Code   RO         2615    .ARM.Collect$$libinit$$0000000A  c_w.l(libinit2.o)
    0x0800023e   0x0800023e   0x00000000   Code   RO         2617    .ARM.Collect$$libinit$$0000000C  c_w.l(libinit2.o)
    0x0800023e   0x0800023e   0x00000000   Code   RO         2619    .ARM.Collect$$libinit$$0000000E  c_w.l(libinit2.o)
    0x0800023e   0x0800023e   0x00000000   Code   RO         2622    .ARM.Collect$$libinit$$00000011  c_w.l(libinit2.o)
    0x0800023e   0x0800023e   0x00000000   Code   RO         2624    .ARM.Collect$$libinit$$00000013  c_w.l(libinit2.o)
    0x0800023e   0x0800023e   0x00000000   Code   RO         2626    .ARM.Collect$$libinit$$00000015  c_w.l(libinit2.o)
    0x0800023e   0x0800023e   0x00000000   Code   RO         2628    .ARM.Collect$$libinit$$00000017  c_w.l(libinit2.o)
    0x0800023e   0x0800023e   0x00000000   Code   RO         2630    .ARM.Collect$$libinit$$00000019  c_w.l(libinit2.o)
    0x0800023e   0x0800023e   0x00000000   Code   RO         2632    .ARM.Collect$$libinit$$0000001B  c_w.l(libinit2.o)
    0x0800023e   0x0800023e   0x00000000   Code   RO         2634    .ARM.Collect$$libinit$$0000001D  c_w.l(libinit2.o)
    0x0800023e   0x0800023e   0x00000000   Code   RO         2636    .ARM.Collect$$libinit$$0000001F  c_w.l(libinit2.o)
    0x0800023e   0x0800023e   0x00000000   Code   RO         2638    .ARM.Collect$$libinit$$00000021  c_w.l(libinit2.o)
    0x0800023e   0x0800023e   0x00000000   Code   RO         2640    .ARM.Collect$$libinit$$00000023  c_w.l(libinit2.o)
    0x0800023e   0x0800023e   0x00000000   Code   RO         2642    .ARM.Collect$$libinit$$00000025  c_w.l(libinit2.o)
    0x0800023e   0x0800023e   0x00000000   Code   RO         2646    .ARM.Collect$$libinit$$0000002C  c_w.l(libinit2.o)
    0x0800023e   0x0800023e   0x00000000   Code   RO         2648    .ARM.Collect$$libinit$$0000002E  c_w.l(libinit2.o)
    0x0800023e   0x0800023e   0x00000000   Code   RO         2650    .ARM.Collect$$libinit$$00000030  c_w.l(libinit2.o)
    0x0800023e   0x0800023e   0x00000000   Code   RO         2652    .ARM.Collect$$libinit$$00000032  c_w.l(libinit2.o)
    0x0800023e   0x0800023e   0x00000002   Code   RO         2653    .ARM.Collect$$libinit$$00000033  c_w.l(libinit2.o)
    0x08000240   0x08000240   0x00000002   Code   RO         2684    .ARM.Collect$$libshutdown$$00000000  c_w.l(libshutdown.o)
    0x08000242   0x08000242   0x00000000   Code   RO         2710    .ARM.Collect$$libshutdown$$00000002  c_w.l(libshutdown2.o)
    0x08000242   0x08000242   0x00000000   Code   RO         2712    .ARM.Collect$$libshutdown$$00000004  c_w.l(libshutdown2.o)
    0x08000242   0x08000242   0x00000000   Code   RO         2714    .ARM.Collect$$libshutdown$$00000006  c_w.l(libshutdown2.o)
    0x08000242   0x08000242   0x00000000   Code   RO         2717    .ARM.Collect$$libshutdown$$00000009  c_w.l(libshutdown2.o)
    0x08000242   0x08000242   0x00000000   Code   RO         2720    .ARM.Collect$$libshutdown$$0000000C  c_w.l(libshutdown2.o)
    0x08000242   0x08000242   0x00000000   Code   RO         2722    .ARM.Collect$$libshutdown$$0000000E  c_w.l(libshutdown2.o)
    0x08000242   0x08000242   0x00000000   Code   RO         2725    .ARM.Collect$$libshutdown$$00000011  c_w.l(libshutdown2.o)
    0x08000242   0x08000242   0x00000002   Code   RO         2726    .ARM.Collect$$libshutdown$$00000012  c_w.l(libshutdown2.o)
    0x08000244   0x08000244   0x00000000   Code   RO         2530    .ARM.Collect$$rtentry$$00000000  c_w.l(__rtentry.o)
    0x08000244   0x08000244   0x00000000   Code   RO         2563    .ARM.Collect$$rtentry$$00000002  c_w.l(__rtentry2.o)
    0x08000244   0x08000244   0x00000006   Code   RO         2575    .ARM.Collect$$rtentry$$00000004  c_w.l(__rtentry4.o)
    0x0800024a   0x0800024a   0x00000000   Code   RO         2565    .ARM.Collect$$rtentry$$00000009  c_w.l(__rtentry2.o)
    0x0800024a   0x0800024a   0x00000004   Code   RO         2566    .ARM.Collect$$rtentry$$0000000A  c_w.l(__rtentry2.o)
    0x0800024e   0x0800024e   0x00000000   Code   RO         2568    .ARM.Collect$$rtentry$$0000000C  c_w.l(__rtentry2.o)
    0x0800024e   0x0800024e   0x00000008   Code   RO         2569    .ARM.Collect$$rtentry$$0000000D  c_w.l(__rtentry2.o)
    0x08000256   0x08000256   0x00000002   Code   RO         2601    .ARM.Collect$$rtexit$$00000000  c_w.l(rtexit.o)
    0x08000258   0x08000258   0x00000000   Code   RO         2657    .ARM.Collect$$rtexit$$00000002  c_w.l(rtexit2.o)
    0x08000258   0x08000258   0x00000004   Code   RO         2658    .ARM.Collect$$rtexit$$00000003  c_w.l(rtexit2.o)
    0x0800025c   0x0800025c   0x00000006   Code   RO         2659    .ARM.Collect$$rtexit$$00000004  c_w.l(rtexit2.o)
    0x08000262   0x08000262   0x00000002   PAD
    0x08000264   0x08000264   0x00000040   Code   RO            4    .text               startup_stm32f446xx.o
    0x080002a4   0x080002a4   0x000000ee   Code   RO         2476    .text               c_w.l(lludivv7m.o)
    0x08000392   0x08000392   0x0000004e   Code   RO         2478    .text               c_w.l(rt_memclr_w.o)
    0x080003e0   0x080003e0   0x00000006   Code   RO         2480    .text               c_w.l(heapauxi.o)
    0x080003e6   0x080003e6   0x00000016   Code   RO         2535    .text               c_w.l(_rserrno.o)
    0x080003fc   0x080003fc   0x00000008   Code   RO         2582    .text               c_w.l(rt_errno_addr_intlibspace.o)
    0x08000404   0x08000404   0x00000008   Code   RO         2584    .text               c_w.l(libspace.o)
    0x0800040c   0x0800040c   0x0000004a   Code   RO         2587    .text               c_w.l(sys_stackheap_outer.o)
    0x08000456   0x08000456   0x00000012   Code   RO         2589    .text               c_w.l(exit.o)
    0x08000468   0x08000468   0x0000000c   Code   RO         2654    .text               c_w.l(sys_exit.o)
    0x08000474   0x08000474   0x00000002   Code   RO         2673    .text               c_w.l(use_no_semi.o)
    0x08000476   0x08000476   0x00000000   Code   RO         2675    .text               c_w.l(indicate_semi.o)
    0x08000476   0x08000476   0x00000002   PAD
    0x08000478   0x08000478   0x00000128   Code   RO          425    i.ADC_Init          stm32f4xx_hal_adc.o
    0x080005a0   0x080005a0   0x00000002   Code   RO          322    i.BusFault_Handler  stm32f4xx_it.o
    0x080005a2   0x080005a2   0x00000002   Code   RO          323    i.DebugMon_Handler  stm32f4xx_it.o
    0x080005a4   0x080005a4   0x00000004   Code   RO           13    i.Error_Handler     main.o
    0x080005a8   0x080005a8   0x00000164   Code   RO          427    i.HAL_ADC_ConfigChannel  stm32f4xx_hal_adc.o
    0x0800070c   0x0800070c   0x00000006   Code   RO          434    i.HAL_ADC_GetValue  stm32f4xx_hal_adc.o
    0x08000712   0x08000712   0x00000054   Code   RO          436    i.HAL_ADC_Init      stm32f4xx_hal_adc.o
    0x08000766   0x08000766   0x00000002   PAD
    0x08000768   0x08000768   0x00000060   Code   RO          239    i.HAL_ADC_MspInit   adc.o
    0x080007c8   0x080007c8   0x000000aa   Code   RO          440    i.HAL_ADC_PollForConversion  stm32f4xx_hal_adc.o
    0x08000872   0x08000872   0x00000002   PAD
    0x08000874   0x08000874   0x000000fc   Code   RO          442    i.HAL_ADC_Start     stm32f4xx_hal_adc.o
    0x08000970   0x08000970   0x00000046   Code   RO         1937    i.HAL_DAC_ConfigChannel  stm32f4xx_hal_dac.o
    0x080009b6   0x080009b6   0x00000028   Code   RO         1947    i.HAL_DAC_Init      stm32f4xx_hal_dac.o
    0x080009de   0x080009de   0x00000002   PAD
    0x080009e0   0x080009e0   0x00000060   Code   RO          281    i.HAL_DAC_MspInit   dac.o
    0x08000a40   0x08000a40   0x0000001a   Code   RO         1950    i.HAL_DAC_SetValue  stm32f4xx_hal_dac.o
    0x08000a5a   0x08000a5a   0x0000005c   Code   RO         1951    i.HAL_DAC_Start     stm32f4xx_hal_dac.o
    0x08000ab6   0x08000ab6   0x00000002   PAD
    0x08000ab8   0x08000ab8   0x000001dc   Code   RO         1139    i.HAL_GPIO_Init     stm32f4xx_hal_gpio.o
    0x08000c94   0x08000c94   0x0000000c   Code   RO         1689    i.HAL_GetTick       stm32f4xx_hal.o
    0x08000ca0   0x08000ca0   0x00000010   Code   RO         1695    i.HAL_IncTick       stm32f4xx_hal.o
    0x08000cb0   0x08000cb0   0x00000034   Code   RO         1696    i.HAL_Init          stm32f4xx_hal.o
    0x08000ce4   0x08000ce4   0x00000040   Code   RO         1697    i.HAL_InitTick      stm32f4xx_hal.o
    0x08000d24   0x08000d24   0x00000030   Code   RO          398    i.HAL_MspInit       stm32f4xx_hal_msp.o
    0x08000d54   0x08000d54   0x00000040   Code   RO         1552    i.HAL_NVIC_SetPriority  stm32f4xx_hal_cortex.o
    0x08000d94   0x08000d94   0x00000024   Code   RO         1553    i.HAL_NVIC_SetPriorityGrouping  stm32f4xx_hal_cortex.o
    0x08000db8   0x08000db8   0x00000134   Code   RO          701    i.HAL_RCC_ClockConfig  stm32f4xx_hal_rcc.o
    0x08000eec   0x08000eec   0x00000098   Code   RO          812    i.HAL_RCC_GetSysClockFreq  stm32f4xx_hal_rcc_ex.o
    0x08000f84   0x08000f84   0x00000398   Code   RO          813    i.HAL_RCC_OscConfig  stm32f4xx_hal_rcc_ex.o
    0x0800131c   0x0800131c   0x00000028   Code   RO         1557    i.HAL_SYSTICK_Config  stm32f4xx_hal_cortex.o
    0x08001344   0x08001344   0x00000002   Code   RO          324    i.HardFault_Handler  stm32f4xx_it.o
    0x08001346   0x08001346   0x00000002   PAD
    0x08001348   0x08001348   0x00000060   Code   RO          240    i.MX_ADC1_Init      adc.o
    0x080013a8   0x080013a8   0x0000003c   Code   RO          282    i.MX_DAC_Init       dac.o
    0x080013e4   0x080013e4   0x0000004c   Code   RO          210    i.MX_GPIO_Init      gpio.o
    0x08001430   0x08001430   0x00000002   Code   RO          325    i.MemManage_Handler  stm32f4xx_it.o
    0x08001432   0x08001432   0x00000002   PAD
    0x08001434   0x08001434   0x00000060   Code   RO         2248    i.NAMO_initialize   namo.o
    0x08001494   0x08001494   0x00000158   Code   RO         2249    i.NAMO_step         namo.o
    0x080015ec   0x080015ec   0x00000002   Code   RO          326    i.NMI_Handler       stm32f4xx_it.o
    0x080015ee   0x080015ee   0x00000002   Code   RO          327    i.PendSV_Handler    stm32f4xx_it.o
    0x080015f0   0x080015f0   0x00000002   Code   RO          328    i.SVC_Handler       stm32f4xx_it.o
    0x080015f2   0x080015f2   0x00000002   PAD
    0x080015f4   0x080015f4   0x0000002c   Code   RO           14    i.SysTick_Config    main.o
    0x08001620   0x08001620   0x00000014   Code   RO          329    i.SysTick_Handler   stm32f4xx_it.o
    0x08001634   0x08001634   0x00000080   Code   RO           15    i.SystemClock_Config  main.o
    0x080016b4   0x080016b4   0x00000010   Code   RO         2211    i.SystemInit        system_stm32f4xx.o
    0x080016c4   0x080016c4   0x00000002   Code   RO          330    i.UsageFault_Handler  stm32f4xx_it.o
    0x080016c6   0x080016c6   0x00000020   Code   RO         1559    i.__NVIC_SetPriority  stm32f4xx_hal_cortex.o
    0x080016e6   0x080016e6   0x00000002   PAD
    0x080016e8   0x080016e8   0x00000118   Code   RO         2512    i.__hardfp_floor    m_wm.l(floor.o)
    0x08001800   0x08001800   0x00000104   Code   RO         2518    i.__hardfp_fmod     m_wm.l(fmod.o)
    0x08001904   0x08001904   0x00000004   PAD
    0x08001908   0x08001908   0x00000020   Code   RO         2551    i.__mathlib_dbl_invalid  m_wm.l(dunder.o)
    0x08001928   0x08001928   0x000000d8   Code   RO           16    i.main              main.o
    0x08001a00   0x08001a00   0x00000014   Code   RO         2382    i.rtGetInf          rtgetinf.o
    0x08001a14   0x08001a14   0x0000000a   Code   RO         2383    i.rtGetInfF         rtgetinf.o
    0x08001a1e   0x08001a1e   0x00000002   PAD
    0x08001a20   0x08001a20   0x00000014   Code   RO         2384    i.rtGetMinusInf     rtgetinf.o
    0x08001a34   0x08001a34   0x0000000c   Code   RO         2385    i.rtGetMinusInfF    rtgetinf.o
    0x08001a40   0x08001a40   0x00000014   Code   RO         2411    i.rtGetNaN          rtgetnan.o
    0x08001a54   0x08001a54   0x0000000c   Code   RO         2412    i.rtGetNaNF         rtgetnan.o
    0x08001a60   0x08001a60   0x00000044   Code   RO         2432    i.rtIsInf           rt_nonfinite.o
    0x08001aa4   0x08001aa4   0x0000002c   Code   RO         2434    i.rtIsNaN           rt_nonfinite.o
    0x08001ad0   0x08001ad0   0x0000003c   Code   RO         2436    i.rt_InitInfAndNaN  rt_nonfinite.o
    0x08001b0c   0x08001b0c   0x00000018   Code   RO         2484    x$fpl$basic         fz_wm.l(basic.o)
    0x08001b24   0x08001b24   0x00000150   Code   RO         2486    x$fpl$dadd          fz_wm.l(daddsub_clz.o)
    0x08001c74   0x08001c74   0x00000018   Code   RO         2537    x$fpl$dcmpinf       fz_wm.l(dcmpi.o)
    0x08001c8c   0x08001c8c   0x000002b0   Code   RO         2493    x$fpl$ddiv          fz_wm.l(ddiv.o)
    0x08001f3c   0x08001f3c   0x00000078   Code   RO         2496    x$fpl$deqf          fz_wm.l(deqf.o)
    0x08001fb4   0x08001fb4   0x0000005a   Code   RO         2498    x$fpl$dfixu         fz_wm.l(dfixu.o)
    0x0800200e   0x0800200e   0x00000026   Code   RO         2502    x$fpl$dfltu         fz_wm.l(dflt_clz.o)
    0x08002034   0x08002034   0x00000078   Code   RO         2508    x$fpl$dleqf         fz_wm.l(dleqf.o)
    0x080020ac   0x080020ac   0x00000154   Code   RO         2510    x$fpl$dmul          fz_wm.l(dmul.o)
    0x08002200   0x08002200   0x0000009c   Code   RO         2539    x$fpl$dnaninf       fz_wm.l(dnaninf.o)
    0x0800229c   0x0800229c   0x00000150   Code   RO         2541    x$fpl$drem          fz_wm.l(drem_clz.o)
    0x080023ec   0x080023ec   0x0000000c   Code   RO         2543    x$fpl$dretinf       fz_wm.l(dretinf.o)
    0x080023f8   0x080023f8   0x0000006c   Code   RO         2545    x$fpl$drleqf        fz_wm.l(drleqf.o)
    0x08002464   0x08002464   0x00000016   Code   RO         2487    x$fpl$drsb          fz_wm.l(daddsub_clz.o)
    0x0800247a   0x0800247a   0x00000002   PAD
    0x0800247c   0x0800247c   0x000001d4   Code   RO         2488    x$fpl$dsub          fz_wm.l(daddsub_clz.o)
    0x08002650   0x08002650   0x0000000a   Code   RO         2669    x$fpl$fpinit        fz_wm.l(fpinit.o)
    0x0800265a   0x0800265a   0x00000000   Code   RO         2547    x$fpl$usenofp       fz_wm.l(usenofp.o)
    0x0800265a   0x0800265a   0x00000010   Data   RO         2212    .constdata          system_stm32f4xx.o
    0x0800266a   0x0800266a   0x00000002   PAD
    0x0800266c   0x0800266c   0x00000004   Data   RO         2251    .constdata          namo.o
    0x08002670   0x08002670   0x00000048   Data   RO         2357    .constdata          namo_data.o
    0x080026b8   0x080026b8   0x00000020   Data   RO         2727    Region$$Table       anon$$obj.o


    Execution Region RW_IRAM1 (Exec base: 0x20000000, Load base: 0x080026d8, Size: 0x000007b8, Max: 0x00020000, ABSOLUTE)

    Exec Addr    Load Addr    Size         Type   Attr      Idx    E Section Name        Object

    0x20000000   0x080026d8   0x0000000c   Data   RW           17    .data               main.o
    0x2000000c   0x080026e4   0x0000000c   Data   RW         1703    .data               stm32f4xx_hal.o
    0x20000018   0x080026f0   0x00000004   Data   RW         2214    .data               system_stm32f4xx.o
    0x2000001c   0x080026f4   0x00000004   Data   RW         2252    .data               namo.o
    0x20000020   0x080026f8   0x00000038   Data   RW         2301    .data               namo_adc.o
    0x20000058   0x08002730   0x00000004   Data   RW         2302    .data               namo_adc.o
    0x2000005c   0x08002734   0x00000004   Data   RW         2303    .data               namo_adc.o
    0x20000060   0x08002738   0x00000004   Data   RW         2304    .data               namo_adc.o
    0x20000064   0x0800273c   0x00000002   Data   RW         2305    .data               namo_adc.o
    0x20000066   0x0800273e   0x00000002   PAD
    0x20000068   0x08002740   0x00000004   Data   RW         2331    .data               namo_dac.o
    0x2000006c   0x08002744   0x00000004   Data   RW         2332    .data               namo_dac.o
    0x20000070   0x08002748   0x00000028   Data   RW         2437    .data               rt_nonfinite.o
    0x20000098        -       0x00000048   Zero   RW          241    .bss                adc.o
    0x200000e0        -       0x00000014   Zero   RW          283    .bss                dac.o
    0x200000f4   0x08002770   0x00000004   PAD
    0x200000f8        -       0x00000050   Zero   RW         2250    .bss                namo.o
    0x20000148        -       0x00000010   Zero   RW         2330    .bss                namo_dac.o
    0x20000158        -       0x00000060   Zero   RW         2585    .bss                c_w.l(libspace.o)
    0x200001b8        -       0x00000200   Zero   RW            2    HEAP                startup_stm32f446xx.o
    0x200003b8        -       0x00000400   Zero   RW            1    STACK               startup_stm32f446xx.o


==============================================================================

Image component sizes


      Code (inc. data)   RO Data    RW Data    ZI Data      Debug   Object Name

       192         26          0          0         72       1745   adc.o
       156         22          0          0         20       1715   dac.o
        76          8          0          0          0        887   gpio.o
       392         42          0         12          0     723535   main.o
       440         76          4          4         80       3360   namo.o
         0          0          0         70          0       1547   namo_adc.o
         0          0          0          8         16       1127   namo_dac.o
         0          0         72          0          0       1846   namo_data.o
       172         10          0         40          0       3062   rt_nonfinite.o
        62         12          0          0          0       2810   rtgetinf.o
        32          8          0          0          0       1571   rtgetnan.o
        64         26        452          0       1536        864   startup_stm32f446xx.o
       144         24          0         12          0       8773   stm32f4xx_hal.o
      1164         58          0          0          0       5426   stm32f4xx_hal_adc.o
       172         14          0          0          0      33362   stm32f4xx_hal_cortex.o
       228          0          0          0          0       3562   stm32f4xx_hal_dac.o
       476         40          0          0          0       1564   stm32f4xx_hal_gpio.o
        48          6          0          0          0        870   stm32f4xx_hal_msp.o
       308         20          0          0          0       1740   stm32f4xx_hal_rcc.o
      1072         32          0          0          0       2870   stm32f4xx_hal_rcc_ex.o
        36          4          0          0          0       4294   stm32f4xx_it.o
        16          4         16          4          0       1167   system_stm32f4xx.o

    ----------------------------------------------------------------------
      5268        432        578        152       1728     807697   Object Totals
         0          0         32          0          0          0   (incl. Generated)
        18          0          2          2          4          0   (incl. Padding)

    ----------------------------------------------------------------------

      Code (inc. data)   RO Data    RW Data    ZI Data      Debug   Library Member Name

         8          0          0          0          0         68   __main.o
         0          0          0          0          0          0   __rtentry.o
        12          0          0          0          0          0   __rtentry2.o
         6          0          0          0          0          0   __rtentry4.o
        52          8          0          0          0          0   __scatter.o
        26          0          0          0          0          0   __scatter_copy.o
        28          0          0          0          0          0   __scatter_zi.o
        22          0          0          0          0        100   _rserrno.o
        18          0          0          0          0         80   exit.o
         6          0          0          0          0        152   heapauxi.o
         0          0          0          0          0          0   indicate_semi.o
         2          0          0          0          0          0   libinit.o
         6          0          0          0          0          0   libinit2.o
         2          0          0          0          0          0   libshutdown.o
         2          0          0          0          0          0   libshutdown2.o
         8          4          0          0         96         68   libspace.o
       238          0          0          0          0        100   lludivv7m.o
         8          4          0          0          0         68   rt_errno_addr_intlibspace.o
        78          0          0          0          0         80   rt_memclr_w.o
         2          0          0          0          0          0   rtexit.o
        10          0          0          0          0          0   rtexit2.o
        12          4          0          0          0         68   sys_exit.o
        74          0          0          0          0         80   sys_stackheap_outer.o
         2          0          0          0          0         68   use_no_semi.o
        24          0          0          0          0        164   basic.o
       826         16          0          0          0        492   daddsub_clz.o
        24          0          0          0          0        116   dcmpi.o
       688        140          0          0          0        256   ddiv.o
       120          4          0          0          0        140   deqf.o
        90          4          0          0          0        140   dfixu.o
        38          0          0          0          0        116   dflt_clz.o
       120          4          0          0          0        140   dleqf.o
       340         12          0          0          0        152   dmul.o
       156          4          0          0          0        140   dnaninf.o
       336         12          0          0          0        136   drem_clz.o
        12          0          0          0          0        116   dretinf.o
       108          0          0          0          0        128   drleqf.o
        10          0          0          0          0        116   fpinit.o
         0          0          0          0          0          0   usenofp.o
        32          8          0          0          0        124   dunder.o
       280         28          0          0          0        156   floor.o
       260          6          0          0          0        144   fmod.o

    ----------------------------------------------------------------------
      4098        262          0          0         96       3708   Library Totals
        12          4          0          0          0          0   (incl. Padding)

    ----------------------------------------------------------------------

      Code (inc. data)   RO Data    RW Data    ZI Data      Debug   Library Name

       622         20          0          0         96        932   c_w.l
      2892        196          0          0          0       2352   fz_wm.l
       572         42          0          0          0        424   m_wm.l

    ----------------------------------------------------------------------
      4098        262          0          0         96       3708   Library Totals

    ----------------------------------------------------------------------

==============================================================================


      Code (inc. data)   RO Data    RW Data    ZI Data      Debug   

      9366        694        578        152       1824     804941   Grand Totals
      9366        694        578        152       1824     804941   ELF Image Totals
      9366        694        578        152          0          0   ROM Totals

==============================================================================

    Total RO  Size (Code + RO Data)                 9944 (   9.71kB)
    Total RW  Size (RW Data + ZI Data)              1976 (   1.93kB)
    Total ROM Size (Code + RO Data + RW Data)      10096 (   9.86kB)

==============================================================================

